 time

 Timestamp is 5adddc2e (Mon Apr 23 09:14:22 2018)

 Preferred load address is 0000000180000000

 Start         Length     Name                   Class
 0001:00000000 0000ebd0H .text$mn                CODE
 0001:0000ebd0 000000e0H .text$mn$00             CODE
 0001:0000ecb0 00000270H .text$x                 CODE
 0002:00000000 00000258H .idata$5                DATA
 0002:00000258 00000020H .00cfg                  DATA
 0002:00000278 00000008H .CRT$XCA                DATA
 0002:00000280 00000008H .CRT$XCU                DATA
 0002:00000288 00000008H .CRT$XCZ                DATA
 0002:00000290 00000008H .CRT$XIA                DATA
 0002:00000298 00000020H .CRT$XIC                DATA
 0002:000002b8 00000008H .CRT$XIZ                DATA
 0002:000002c0 00000008H .CRT$XPA                DATA
 0002:000002c8 00000010H .CRT$XPX                DATA
 0002:000002d8 00000008H .CRT$XPXA               DATA
 0002:000002e0 00000008H .CRT$XPZ                DATA
 0002:000002e8 00000008H .CRT$XTA                DATA
 0002:000002f0 00000010H .CRT$XTZ                DATA
 0002:000002f8 00000000H .gfids$y                DATA
 0002:00000300 00007228H .rdata                  DATA
 0002:00007528 00000000H .rdata$r                DATA
 0002:00007528 00000370H .rdata$zzzdbg           DATA
 0002:00007898 00000008H .rtc$IAA                DATA
 0002:000078a0 00000008H .rtc$IZZ                DATA
 0002:000078a8 00000008H .rtc$TAA                DATA
 0002:000078b0 00000008H .rtc$TZZ                DATA
 0002:000078b8 00000decH .xdata                  DATA
 0002:000086a4 00000020H .didat$2                DATA
 0002:000086c4 00000024H .didat$3                DATA
 0002:000086e8 00000110H .didat$4                DATA
 0002:000087f8 00000920H .didat$6                DATA
 0002:00009118 00000118H .didat$7                DATA
 0002:00009230 0000004cH .edata                  DATA
 0002:0000927c 00000014H .idata$2                DATA
 0002:00009290 00000018H .idata$3                DATA
 0002:000092a8 00000258H .idata$4                DATA
 0002:00009500 00000580H .idata$6                DATA
 0003:00000000 000009d0H .data                   DATA
 0003:000009d0 00000000H .data$r                 DATA
 0003:000009d0 00000110H .didat$5                DATA
 0003:00000ae0 000012b0H .bss                    DATA
 0004:00000000 00000fe4H .pdata                  DATA
 0005:00000000 00000060H .rsrc$01                DATA
 0005:00000060 00000180H .rsrc$02                DATA

  Address         Publics by Value              Rva+Base               Lib:Object

 0000:00000000       __hybrid_code_map_count    0000000000000000     <absolute>
 0000:00000000       __guard_iat_table          0000000000000000     <absolute>
 0000:00000000       __dynamic_value_reloc_table 0000000000000000     <absolute>
 0000:00000000       __hybrid_code_map          0000000000000000     <absolute>
 0000:00000000       __guard_iat_count          0000000000000000     <absolute>
 0000:00000000       __guard_longjmp_table      0000000000000000     <absolute>
 0000:00000000       __guard_longjmp_count      0000000000000000     <absolute>
 0000:00000000       __hybrid_auxiliary_iat     0000000000000000     <absolute>
 0000:00000000       __guard_fids_count         0000000000000000     <absolute>
 0000:00000000       __enclave_config           0000000000000000     <absolute>
 0000:00000000       ___safe_se_handler_table   0000000000000000     <absolute>
 0000:00000000       ___safe_se_handler_count   0000000000000000     <absolute>
 0000:00000000       __guard_fids_table         0000000000000000     <absolute>
 0000:00000100       __guard_flags              0000000000000100     <absolute>
 0000:00000000       __ImageBase                0000000180000000     <linker-defined>
 0001:000000d0       ?Time_@Time@@SAXAEBV?$FunctionCallbackInfo@VValue@v8@@@Nan@@@Z 00000001800010d0 f i time.obj
 0001:00000160       ?Tzset@Time@@SAXAEBV?$FunctionCallbackInfo@VValue@v8@@@Nan@@@Z 0000000180001160 f i time.obj
 0001:000004f0       ?Localtime@Time@@SAXAEBV?$FunctionCallbackInfo@VValue@v8@@@Nan@@@Z 00000001800014f0 f i time.obj
 0001:00000e60       ?Mktime@Time@@SAXAEBV?$FunctionCallbackInfo@VValue@v8@@@Nan@@@Z 0000000180001e60 f i time.obj
 0001:000014c0       ??$SetMethod@VObject@v8@@VLocal@2@@Nan@@YAXV?$Local@VObject@v8@@@v8@@PEBDP6AXAEBV?$FunctionCallbackInfo@VValue@v8@@@0@@Z@Z 00000001800024c0 f i time.obj
 0001:000016f0       ??$SetMethodAux@V?$Local@VObject@v8@@@v8@@@imp@Nan@@YAXV?$Local@VObject@v8@@@v8@@V?$Local@VString@v8@@@3@V?$Local@VFunctionTemplate@v8@@@3@ZZ 00000001800026f0 f i time.obj
 0001:000017cc       __imp_load_?Value@External@v8@@QEBAPEAXXZ 00000001800027cc f   node:node.exe
 0001:000017d8       __tailMerge_node_exe       00000001800027d8     node:node.exe
 0001:00001851       __imp_load_?New@External@v8@@SA?AV?$Local@VExternal@v8@@@2@PEAVIsolate@2@PEAX@Z 0000000180002851 f   node:node.exe
 0001:0000185d       __imp_load_?New@Integer@v8@@SA?AV?$Local@VInteger@v8@@@2@PEAVIsolate@2@H@Z 000000018000285d f   node:node.exe
 0001:00001869       __imp_load_?ThrowException@Isolate@v8@@QEAA?AV?$Local@VValue@v8@@@2@V32@@Z 0000000180002869 f   node:node.exe
 0001:00001875       __imp_load_?GetCurrentContext@Isolate@v8@@QEAA?AV?$Local@VContext@v8@@@2@XZ 0000000180002875 f   node:node.exe
 0001:00001881       __imp_load_?GetCurrent@Isolate@v8@@SAPEAV12@XZ 0000000180002881 f   node:node.exe
 0001:0000188d       __imp_load_?CreateHandle@HandleScope@v8@@CAPEAPEAVObject@internal@2@PEAVHeapObject@42@PEAV342@@Z 000000018000288d f   node:node.exe
 0001:00001899       __imp_load_??1HandleScope@v8@@QEAA@XZ 0000000180002899 f   node:node.exe
 0001:000018a5       __imp_load_??0HandleScope@v8@@QEAA@PEAVIsolate@1@@Z 00000001800028a5 f   node:node.exe
 0001:000018b1       __imp_load_?TypeError@Exception@v8@@SA?AV?$Local@VValue@v8@@@2@V?$Local@VString@v8@@@2@@Z 00000001800028b1 f   node:node.exe
 0001:000018bd       __imp_load_?New@Array@v8@@SA?AV?$Local@VArray@v8@@@2@PEAVIsolate@2@H@Z 00000001800028bd f   node:node.exe
 0001:000018c9       __imp_load_?SetClassName@FunctionTemplate@v8@@QEAAXV?$Local@VString@v8@@@2@@Z 00000001800028c9 f   node:node.exe
 0001:000018d5       __imp_load_?GetFunction@FunctionTemplate@v8@@QEAA?AV?$MaybeLocal@VFunction@v8@@@2@V?$Local@VContext@v8@@@2@@Z 00000001800028d5 f   node:node.exe
 0001:000018e1       __imp_load_?New@FunctionTemplate@v8@@SA?AV?$Local@VFunctionTemplate@v8@@@2@PEAVIsolate@2@P6AXAEBV?$FunctionCallbackInfo@VValue@v8@@@2@@ZV?$Local@VValue@v8@@@2@V?$Local@VSignature@v8@@@2@HW4ConstructorBehavior@2@@Z 00000001800028e1 f   node:node.exe
 0001:000018ed       __imp_load_?ToLocalEmpty@V8@v8@@CAXXZ 00000001800028ed f   node:node.exe
 0001:000018f9       __imp_load_?Int32Value@Value@v8@@QEBAHXZ 00000001800028f9 f   node:node.exe
 0001:00001905       __imp_load_?IntegerValue@Value@v8@@QEBA_JXZ 0000000180002905 f   node:node.exe
 0001:00001911       __imp_load_?ToInteger@Value@v8@@QEBA?AV?$MaybeLocal@VInteger@v8@@@2@V?$Local@VContext@v8@@@2@@Z 0000000180002911 f   node:node.exe
 0001:0000191d       __imp_load_?Escape@EscapableHandleScope@v8@@AEAAPEAPEAVObject@internal@2@PEAPEAV342@@Z 000000018000291d f   node:node.exe
 0001:00001929       __imp_load_??0EscapableHandleScope@v8@@QEAA@PEAVIsolate@1@@Z 0000000180002929 f   node:node.exe
 0001:00001935       __imp_load_?NewFromUtf8@String@v8@@SA?AV?$MaybeLocal@VString@v8@@@2@PEAVIsolate@2@PEBDW4NewStringType@2@H@Z 0000000180002935 f   node:node.exe
 0001:00001941       __imp_load_?New@Number@v8@@SA?AV?$Local@VNumber@v8@@@2@PEAVIsolate@2@N@Z 0000000180002941 f   node:node.exe
 0001:0000194d       __imp_load_?SlowGetInternalField@Object@v8@@AEAA?AV?$Local@VValue@v8@@@2@H@Z 000000018000294d f   node:node.exe
 0001:00001959       __imp_load_?New@Object@v8@@SA?AV?$Local@VObject@v8@@@2@PEAVIsolate@2@@Z 0000000180002959 f   node:node.exe
 0001:00001965       __imp_load_?SetInternalField@Object@v8@@QEAAXHV?$Local@VValue@v8@@@2@@Z 0000000180002965 f   node:node.exe
 0001:00001971       __imp_load_?Get@Object@v8@@QEAA?AV?$MaybeLocal@VValue@v8@@@2@V?$Local@VContext@v8@@@2@V?$Local@VValue@v8@@@2@@Z 0000000180002971 f   node:node.exe
 0001:0000197d       __imp_load_?Set@Object@v8@@QEAA_NV?$Local@VValue@v8@@@2@0@Z 000000018000297d f   node:node.exe
 0001:00001989       __imp_load_?Set@Object@v8@@QEAA?AV?$Maybe@_N@2@V?$Local@VContext@v8@@@2@V?$Local@VValue@v8@@@2@1@Z 0000000180002989 f   node:node.exe
 0001:00001995       __imp_load_?Set@Object@v8@@QEAA?AV?$Maybe@_N@2@V?$Local@VContext@v8@@@2@IV?$Local@VValue@v8@@@2@@Z 0000000180002995 f   node:node.exe
 0001:000019a1       __imp_load_?SetInternalFieldCount@ObjectTemplate@v8@@QEAAXH@Z 00000001800029a1 f   node:node.exe
 0001:000019ad       __imp_load_?NewInstance@ObjectTemplate@v8@@QEAA?AV?$MaybeLocal@VObject@v8@@@2@V?$Local@VContext@v8@@@2@@Z 00000001800029ad f   node:node.exe
 0001:000019b9       __imp_load_?New@ObjectTemplate@v8@@SA?AV?$Local@VObjectTemplate@v8@@@2@PEAVIsolate@2@V?$Local@VFunctionTemplate@v8@@@2@@Z 00000001800029b9 f   node:node.exe
 0001:000019c5       __imp_load_node_module_register 00000001800029c5 f   node:node.exe
 0001:000019f0       __security_check_cookie    00000001800029f0 f   LIBCMT:_amdsecgs_.obj
 0001:00001d58       _DllMainCRTStartup         0000000180002d58 f   LIBCMT:dll_dllmain.obj
 0001:00001d98       __raise_securityfailure    0000000180002d98 f   LIBCMT:gs_report.obj
 0001:00001dcc       __report_gsfailure         0000000180002dcc f   LIBCMT:gs_report.obj
 0001:00001ea0       __report_rangecheckfailure 0000000180002ea0 f   LIBCMT:gs_report.obj
 0001:00001eb4       __report_securityfailure   0000000180002eb4 f   LIBCMT:gs_report.obj
 0001:00002034       __security_init_cookie     0000000180003034 f   LIBCMT:gs_support.obj
 0001:000020e4       ?__scrt_initialize_type_info@@YAXXZ 00000001800030e4 f   LIBCMT:tncleanup.obj
 0001:000020f4       ?__scrt_uninitialize_type_info@@YAXXZ 00000001800030f4 f   LIBCMT:tncleanup.obj
 0001:00002100       __local_stdio_printf_options 0000000180003100 f i LIBCMT:default_local_stdio_options.obj
 0001:00002108       __local_stdio_scanf_options 0000000180003108 f i LIBCMT:default_local_stdio_options.obj
 0001:00002110       __scrt_initialize_default_local_stdio_options 0000000180003110 f   LIBCMT:default_local_stdio_options.obj
 0001:0000212c       __scrt_acquire_startup_lock 000000018000312c f   LIBCMT:utility.obj
 0001:00002168       __scrt_dllmain_after_initialize_c 0000000180003168 f   LIBCMT:utility.obj
 0001:0000219c       __scrt_dllmain_before_initialize_c 000000018000319c f   LIBCMT:utility.obj
 0001:000021b4       __scrt_dllmain_crt_thread_attach 00000001800031b4 f   LIBCMT:utility.obj
 0001:000021dc       __scrt_dllmain_crt_thread_detach 00000001800031dc f   LIBCMT:utility.obj
 0001:000021f4       __scrt_dllmain_exception_filter 00000001800031f4 f   LIBCMT:utility.obj
 0001:00002258       __scrt_dllmain_uninitialize_c 0000000180003258 f   LIBCMT:utility.obj
 0001:00002288       __scrt_dllmain_uninitialize_critical 0000000180003288 f   LIBCMT:utility.obj
 0001:0000229c       __scrt_initialize_crt      000000018000329c f   LIBCMT:utility.obj
 0001:000022e8       __scrt_initialize_onexit_tables 00000001800032e8 f   LIBCMT:utility.obj
 0001:000023c8       __scrt_is_nonwritable_in_current_image 00000001800033c8 f   LIBCMT:utility.obj
 0001:00002464       __scrt_release_startup_lock 0000000180003464 f   LIBCMT:utility.obj
 0001:00002488       __scrt_uninitialize_crt    0000000180003488 f   LIBCMT:utility.obj
 0001:000024b4       __scrt_get_dyn_tls_init_callback 00000001800034b4 f   LIBCMT:dyn_tls_init.obj
 0001:000024bc       __crt_debugger_hook        00000001800034bc f   LIBCMT:utility_desktop.obj
 0001:000024c4       __scrt_fastfail            00000001800034c4 f   LIBCMT:utility_desktop.obj
 0001:00002610       _RTC_Initialize            0000000180003610 f   LIBCMT:_initsect_.obj
 0001:0000265c       _RTC_Terminate             000000018000365c f   LIBCMT:_initsect_.obj
 0001:000026a8       _guard_check_icall         00000001800036a8 f i LIBCMT:checkcfg.obj
 0001:000026b0       __isa_available_init       00000001800036b0 f   LIBCMT:_cpu_disp_.obj
 0001:0000286c       _get_startup_argv_mode     000000018000386c f   LIBCMT:argv_mode.obj
 0001:0000286c       DllMain                    000000018000386c f   LIBCMT:dll_dllmain_stub.obj
 0001:00002874       __scrt_is_ucrt_dll_in_use  0000000180003874 f   LIBCMT:ucrt_detection.obj
 0001:00002880       _guard_check_icall_nop     0000000180003880 f i LIBCMT:guard_support.obj
 0001:00002890       __C_specific_handler       0000000180003890 f   libvcruntime:_riscchandler_.obj
 0001:00002a9c       __std_type_info_destroy_list 0000000180003a9c f   libvcruntime:std_type_info.obj
 0001:00002ac8       __vcrt_initialize          0000000180003ac8 f   libvcruntime:initialization.obj
 0001:00002afc       __vcrt_thread_attach       0000000180003afc f   libvcruntime:initialization.obj
 0001:00002b10       __vcrt_thread_detach       0000000180003b10 f   libvcruntime:initialization.obj
 0001:00002b24       __vcrt_uninitialize        0000000180003b24 f   libvcruntime:initialization.obj
 0001:00002b44       __vcrt_uninitialize_critical 0000000180003b44 f   libvcruntime:initialization.obj
 0001:00002b70       memset                     0000000180003b70 f   libvcruntime:memset.obj
 0001:00002d30       _local_unwind              0000000180003d30 f   libvcruntime:_jmpuwind_.obj
 0001:00002d60       _NLG_Notify                0000000180003d60 f   libvcruntime:_jmpuwind_.obj
 0001:00002d80       __NLG_Dispatch2            0000000180003d80 f   libvcruntime:_jmpuwind_.obj
 0001:00002d90       __NLG_Return2              0000000180003d90 f   libvcruntime:_jmpuwind_.obj
 0001:00002d94       __except_validate_context_record 0000000180003d94 f   libvcruntime:jbcxrval.obj
 0001:00002dcc       __vcrt_freefls             0000000180003dcc f   libvcruntime:per_thread_data.obj
 0001:00002dec       __vcrt_freeptd             0000000180003dec f   libvcruntime:per_thread_data.obj
 0001:00002e3c       __vcrt_getptd_noexit       0000000180003e3c f   libvcruntime:per_thread_data.obj
 0001:00002ef4       __vcrt_initialize_ptd      0000000180003ef4 f   libvcruntime:per_thread_data.obj
 0001:00002f48       __vcrt_uninitialize_ptd    0000000180003f48 f   libvcruntime:per_thread_data.obj
 0001:00002f6c       __vcrt_initialize_locks    0000000180003f6c f   libvcruntime:locks.obj
 0001:00002fb4       __vcrt_uninitialize_locks  0000000180003fb4 f   libvcruntime:locks.obj
 0001:000031c4       __vcrt_FlsAlloc            00000001800041c4 f   libvcruntime:winapi_downlevel.obj
 0001:00003218       __vcrt_FlsFree             0000000180004218 f   libvcruntime:winapi_downlevel.obj
 0001:0000326c       __vcrt_FlsGetValue         000000018000426c f   libvcruntime:winapi_downlevel.obj
 0001:000032c0       __vcrt_FlsSetValue         00000001800042c0 f   libvcruntime:winapi_downlevel.obj
 0001:00003328       __vcrt_InitializeCriticalSectionEx 0000000180004328 f   libvcruntime:winapi_downlevel.obj
 0001:000033a0       __vcrt_initialize_winapi_thunks 00000001800043a0 f   libvcruntime:winapi_downlevel.obj
 0001:000033e4       __vcrt_uninitialize_winapi_thunks 00000001800043e4 f   libvcruntime:winapi_downlevel.obj
 0001:00003424       __vcrt_initialize_pure_virtual_call_handler 0000000180004424 f   libvcruntime:purevirt_data.obj
 0001:00003448       ??$__crt_time_is_leap_year@_J@@YA_N_J@Z 0000000180004448 f i libucrt:mktime.obj
 0001:0000381c       _mktime64                  000000018000481c f   libucrt:mktime.obj
 0001:00003824       __acrt_initialize_timeset  0000000180004824 f   libucrt:timeset.obj
 0001:00003868       __daylight                 0000000180004868 f   libucrt:timeset.obj
 0001:00003870       __dstbias                  0000000180004870 f   libucrt:timeset.obj
 0001:00003878       __timezone                 0000000180004878 f   libucrt:timeset.obj
 0001:00003880       __tzname                   0000000180004880 f   libucrt:timeset.obj
 0001:00003888       _get_daylight              0000000180004888 f   libucrt:timeset.obj
 0001:000038b8       _get_dstbias               00000001800048b8 f   libucrt:timeset.obj
 0001:000038e8       _get_timezone              00000001800048e8 f   libucrt:timeset.obj
 0001:00003918       _get_tzname                0000000180004918 f   libucrt:timeset.obj
 0001:00003a50       _time64                    0000000180004a50 f   libucrt:time.obj
 0001:00003dac       _localtime64               0000000180004dac f   libucrt:localtime.obj
 0001:00003df4       _localtime64_s             0000000180004df4 f   libucrt:localtime.obj
 0001:00003dfc       ??0_LocaleUpdate@@QEAA@QEAU__crt_locale_pointers@@@Z 0000000180004dfc f i libucrt:stricmp.obj
 0001:00003e8c       __ascii_stricmp            0000000180004e8c f   libucrt:stricmp.obj
 0001:00003ecc       _stricmp                   0000000180004ecc f   libucrt:stricmp.obj
 0001:00003f14       _stricmp_l                 0000000180004f14 f   libucrt:stricmp.obj
 0001:00003fc8       _initterm                  0000000180004fc8 f   libucrt:initterm.obj
 0001:0000402c       _initterm_e                000000018000502c f   libucrt:initterm.obj
 0001:0000406c       _seh_filter_dll            000000018000506c f   libucrt:exception_filter.obj
 0001:00004080       _seh_filter_exe            0000000180005080 f   libucrt:exception_filter.obj
 0001:0000448c       __acrt_initialize_thread_local_exit_callback 000000018000548c f   libucrt:exit.obj
 0001:00004494       _cexit                     0000000180005494 f   libucrt:exit.obj
 0001:000044a4       _exit                      00000001800054a4 f   libucrt:exit.obj
 0001:000044b0       _is_c_termination_complete 00000001800054b0 f   libucrt:exit.obj
 0001:00004674       __acrt_allocate_buffer_for_argv 0000000180005674 f   libucrt:argv_parsing.obj
 0001:000046d4       _configure_narrow_argv     00000001800056d4 f   libucrt:argv_parsing.obj
 0001:00004b24       __dcrt_get_or_create_narrow_environment_nolock 0000000180005b24 f   libucrt:environment_initialization.obj
 0001:00004b60       __dcrt_uninitialize_environments_nolock 0000000180005b60 f   libucrt:environment_initialization.obj
 0001:00004b98       _initialize_narrow_environment 0000000180005b98 f   libucrt:environment_initialization.obj
 0001:00004d28       _execute_onexit_table      0000000180005d28 f   libucrt:onexit.obj
 0001:00004d64       _initialize_onexit_table   0000000180005d64 f   libucrt:onexit.obj
 0001:00004ddc       __acrt_uninitialize_command_line 0000000180005ddc f   libucrt:argv_data.obj
 0001:00004ee8       __acrt_initialize          0000000180005ee8 f   libucrt:initialization.obj
 0001:00004efc       __acrt_thread_attach       0000000180005efc f   libucrt:initialization.obj
 0001:00004f10       __acrt_thread_detach       0000000180005f10 f   libucrt:initialization.obj
 0001:00004f20       __acrt_uninitialize        0000000180005f20 f   libucrt:initialization.obj
 0001:00004f58       __acrt_uninitialize_critical 0000000180005f58 f   libucrt:initialization.obj
 0001:00004f68       terminate                  0000000180005f68 f   libucrt:terminate.obj
 0001:00004f88       ??$__crt_time_is_leap_year@H@@YA_NH@Z 0000000180005f88 f i libucrt:tzset.obj
 0001:00005a48       __tzset                    0000000180006a48 f   libucrt:tzset.obj
 0001:00005a84       _isindst                   0000000180006a84 f   libucrt:tzset.obj
 0001:00005ab4       tzset                      0000000180006ab4 f   libucrt:tzset.obj
 0001:00005ab4       _tzset                     0000000180006ab4 f   libucrt:tzset.obj
 0001:00005ad8       _free_base                 0000000180006ad8 f   libucrt:free_base.obj
 0001:00005b18       _malloc_base               0000000180006b18 f   libucrt:malloc_base.obj
 0001:00005b78       strcpy_s                   0000000180006b78 f   libucrt:strcpy_s.obj
 0001:00005bd8       ??$parse_integer@KV?$c_string_character_source@D@__crt_strtox@@@__crt_strtox@@YAKQEAU__crt_locale_pointers@@V?$c_string_character_source@D@0@H_N@Z 0000000180006bd8 f i libucrt:atox.obj
 0001:00005ef4       atol                       0000000180006ef4 f   libucrt:atox.obj
 0001:00005f20       abort                      0000000180006f20 f   libucrt:abort.obj
 0001:00005f78       _calloc_base               0000000180006f78 f   libucrt:calloc_base.obj
 0001:00005ff0       wcsncmp                    0000000180006ff0 f   libucrt:wcsncmp.obj
 0001:0000601c       __acrt_call_reportfault    000000018000701c f   libucrt:invalid_parameter.obj
 0001:00006178       __acrt_initialize_invalid_parameter_handler 0000000180007178 f   libucrt:invalid_parameter.obj
 0001:00006180       _invalid_parameter         0000000180007180 f   libucrt:invalid_parameter.obj
 0001:00006230       _invalid_parameter_noinfo  0000000180007230 f   libucrt:invalid_parameter.obj
 0001:00006250       _invoke_watson             0000000180007250 f   libucrt:invalid_parameter.obj
 0001:00006298       __acrt_errno_from_os_error 0000000180007298 f   libucrt:errno.obj
 0001:000062e0       __acrt_errno_map_os_error  00000001800072e0 f   libucrt:errno.obj
 0001:00006330       __doserrno                 0000000180007330 f   libucrt:errno.obj
 0001:00006350       _errno                     0000000180007350 f   libucrt:errno.obj
 0001:000065e4       __getgmtimebuf             00000001800075e4 f   libucrt:gmtime.obj
 0001:00006630       _gmtime64_s                0000000180007630 f   libucrt:gmtime.obj
 0001:00006810       __acrt_AppPolicyGetProcessTerminationMethodInternal 0000000180007810 f   libucrt:winapi_thunks.obj
 0001:00006860       __acrt_CompareStringEx     0000000180007860 f   libucrt:winapi_thunks.obj
 0001:0000693c       __acrt_FlsAlloc            000000018000793c f   libucrt:winapi_thunks.obj
 0001:00006984       __acrt_FlsFree             0000000180007984 f   libucrt:winapi_thunks.obj
 0001:000069cc       __acrt_FlsGetValue         00000001800079cc f   libucrt:winapi_thunks.obj
 0001:00006a14       __acrt_FlsSetValue         0000000180007a14 f   libucrt:winapi_thunks.obj
 0001:00006a68       __acrt_GetSystemTimePreciseAsFileTime 0000000180007a68 f   libucrt:winapi_thunks.obj
 0001:00006ab0       __acrt_InitializeCriticalSectionEx 0000000180007ab0 f   libucrt:winapi_thunks.obj
 0001:00006b14       __acrt_LCMapStringEx       0000000180007b14 f   libucrt:winapi_thunks.obj
 0001:00006bf0       __acrt_LocaleNameToLCID    0000000180007bf0 f   libucrt:winapi_thunks.obj
 0001:00006c40       __acrt_initialize_winapi_thunks 0000000180007c40 f   libucrt:winapi_thunks.obj
 0001:00006c88       __acrt_uninitialize_winapi_thunks 0000000180007c88 f   libucrt:winapi_thunks.obj
 0001:00006d10       _tolower_l                 0000000180007d10 f   libucrt:tolower_toupper.obj
 0001:000071c8       __acrt_freeptd             00000001800081c8 f   libucrt:per_thread_data.obj
 0001:0000720c       __acrt_getptd              000000018000820c f   libucrt:per_thread_data.obj
 0001:000072d8       __acrt_getptd_head         00000001800082d8 f   libucrt:per_thread_data.obj
 0001:00007380       __acrt_getptd_noexit       0000000180008380 f   libucrt:per_thread_data.obj
 0001:00007450       __acrt_initialize_ptd      0000000180008450 f   libucrt:per_thread_data.obj
 0001:0000748c       __acrt_uninitialize_ptd    000000018000848c f   libucrt:per_thread_data.obj
 0001:000074b0       __acrt_update_locale_info  00000001800084b0 f   libucrt:locale_update.obj
 0001:000074e4       __acrt_update_multibyte_info 00000001800084e4 f   libucrt:locale_update.obj
 0001:00007588       __acrt_set_locale_changed  0000000180008588 f   libucrt:wsetlocale.obj
 0001:00007594       __acrt_uninitialize_locale 0000000180008594 f   libucrt:wsetlocale.obj
 0001:000075c4       __acrt_initialize_locks    00000001800085c4 f   libucrt:locks.obj
 0001:0000760c       __acrt_lock                000000018000860c f   libucrt:locks.obj
 0001:00007628       __acrt_uninitialize_locks  0000000180008628 f   libucrt:locks.obj
 0001:00007660       __acrt_unlock              0000000180008660 f   libucrt:locks.obj
 0001:0000767c       __acrt_get_process_end_policy 000000018000867c f   libucrt:win_policies.obj
 0001:00007c1c       __acrt_expand_narrow_argv_wildcards 0000000180008c1c f   libucrt:argv_wildcards.obj
 0001:00008364       __acrt_initialize_multibyte 0000000180009364 f   libucrt:mbctype.obj
 0001:000083c4       __acrt_update_thread_multibyte_data 00000001800093c4 f   libucrt:mbctype.obj
 0001:000083e0       _setmbcp_nolock            00000001800093e0 f   libucrt:mbctype.obj
 0001:00008718       _ismbblead                 0000000180009718 f   libucrt:ismbbyte.obj
 0001:0000872c       __acrt_initialize_command_line 000000018000972c f   libucrt:argv_data.obj
 0001:00008754       __dcrt_get_narrow_environment_from_os 0000000180009754 f   libucrt:get_environment_from_os.obj
 0001:00008c64       __dcrt_set_variable_in_narrow_environment_nolock 0000000180009c64 f   libucrt:setenv.obj
 0001:00008c6c       _recalloc                  0000000180009c6c f   libucrt:recalloc.obj
 0001:00008c74       _recalloc_base             0000000180009c74 f   libucrt:recalloc.obj
 0001:00008d0c       __acrt_initialize_heap     0000000180009d0c f   libucrt:heap_handle.obj
 0001:00008d28       __acrt_uninitialize_heap   0000000180009d28 f   libucrt:heap_handle.obj
 0001:00008f1c       __acrt_initialize_lowio    0000000180009f1c f   libucrt:ioinit.obj
 0001:00008f58       __acrt_uninitialize_lowio  0000000180009f58 f   libucrt:ioinit.obj
 0001:00008f98       __acrt_execute_initializers 0000000180009f98 f   libucrt:shared_initialization.obj
 0001:00009018       __acrt_execute_uninitializers 000000018000a018 f   libucrt:shared_initialization.obj
 0001:00009054       __acrt_initialize_new_handler 000000018000a054 f   libucrt:new_handler.obj
 0001:0000905c       _callnewh                  000000018000a05c f   libucrt:new_handler.obj
 0001:0000908c       _query_new_handler         000000018000a08c f   libucrt:new_handler.obj
 0001:00009108       __acrt_get_sigabrt_handler 000000018000a108 f   libucrt:signal.obj
 0001:00009138       __acrt_initialize_signal_handlers 000000018000a138 f   libucrt:signal.obj
 0001:00009158       raise                      000000018000a158 f   libucrt:signal.obj
 0001:000093cc       __acrt_has_user_matherr    000000018000a3cc f   libucrt:matherr.obj
 0001:000093ec       __acrt_initialize_user_matherr 000000018000a3ec f   libucrt:matherr.obj
 0001:000093f4       __acrt_invoke_user_matherr 000000018000a3f4 f   libucrt:matherr.obj
 0001:00009608       __acrt_stdio_flush_nolock  000000018000a608 f   libucrt:fflush.obj
 0001:00009684       _fflush_nolock             000000018000a684 f   libucrt:fflush.obj
 0001:000096d0       _flushall                  000000018000a6d0 f   libucrt:fflush.obj
 0001:000096d8       __acrt_initialize_stdio    000000018000a6d8 f   libucrt:_file.obj
 0001:000097f8       __acrt_uninitialize_stdio  000000018000a7f8 f   libucrt:_file.obj
 0001:00009854       _lock_file                 000000018000a854 f   libucrt:_file.obj
 0001:00009860       _unlock_file               000000018000a860 f   libucrt:_file.obj
 0001:000099ec       getenv_s                   000000018000a9ec f   libucrt:getenv.obj
 0001:000099f4       strncpy_s                  000000018000a9f4 f   libucrt:strncpy_s.obj
 0001:00009ac8       ___lc_codepage_func        000000018000aac8 f   libucrt:initctype.obj
 0001:00009af8       _query_new_mode            000000018000aaf8 f   libucrt:new_mode.obj
 0001:00009b00       _mbtowc_l                  000000018000ab00 f   libucrt:mbtowc.obj
 0001:00009c48       mbtowc                     000000018000ac48 f   libucrt:mbtowc.obj
 0001:00009c50       _fileno                    000000018000ac50 f   libucrt:fileno.obj
 0001:00009c78       __pctype_func              000000018000ac78 f   libucrt:ctype.obj
 0001:00009ca8       _isctype_l                 000000018000aca8 f   libucrt:isctype.obj
 0001:00009e84       __acrt_DownlevelLocaleNameToLCID 000000018000ae84 f   libucrt:lcidtoname_downlevel.obj
 0001:00009eb8       _isleadbyte_l              000000018000aeb8 f i libucrt:_wctype.obj
 0001:0000a210       __acrt_LCMapStringA        000000018000b210 f   libucrt:lcmapstringa.obj
 0001:0000a2a8       __acrt_add_locale_ref      000000018000b2a8 f   libucrt:locale_refcounting.obj
 0001:0000a334       __acrt_free_locale         000000018000b334 f   libucrt:locale_refcounting.obj
 0001:0000a4ac       __acrt_locale_add_lc_time_reference 000000018000b4ac f   libucrt:locale_refcounting.obj
 0001:0000a4d4       __acrt_locale_free_lc_time_if_unreferenced 000000018000b4d4 f   libucrt:locale_refcounting.obj
 0001:0000a50c       __acrt_locale_release_lc_time_reference 000000018000b50c f   libucrt:locale_refcounting.obj
 0001:0000a534       __acrt_release_locale_ref  000000018000b534 f   libucrt:locale_refcounting.obj
 0001:0000a5dc       __acrt_update_thread_locale_data 000000018000b5dc f   libucrt:locale_refcounting.obj
 0001:0000a64c       _updatetlocinfoEx_nolock   000000018000b64c f   libucrt:locale_refcounting.obj
 0001:0000a6b4       __acrt_locale_free_monetary 000000018000b6b4 f   libucrt:initmon.obj
 0001:0000a7c0       __acrt_locale_free_numeric 000000018000b7c0 f   libucrt:initnum.obj
 0001:0000a880       __acrt_locale_free_time    000000018000b880 f   libucrt:inittime.obj
 0001:0000a988       __acrt_GetStringTypeA      000000018000b988 f   libucrt:getstringtypea.obj
 0001:0000ab20       qsort                      000000018000bb20 f   libucrt:qsort.obj
 0001:0000af70       strpbrk                    000000018000bf70 f   libucrt:strpbrk.obj
 0001:0000b350       _mbsdec                    000000018000c350 f   libucrt:mbsdec.obj
 0001:0000b358       _mbsdec_l                  000000018000c358 f   libucrt:mbsdec.obj
 0001:0000b400       _strnicoll                 000000018000c400 f   libucrt:strnicol.obj
 0001:0000b418       _strnicoll_l               000000018000c418 f   libucrt:strnicol.obj
 0001:0000b518       _msize                     000000018000c518 f   libucrt:msize.obj
 0001:0000b520       _msize_base                000000018000c520 f   libucrt:msize.obj
 0001:0000b55c       _realloc_base              000000018000c55c f   libucrt:realloc_base.obj
 0001:0000b5d8       __acrt_lowio_create_handle_array 000000018000c5d8 f   libucrt:osfinfo.obj
 0001:0000b670       __acrt_lowio_destroy_handle_array 000000018000c670 f   libucrt:osfinfo.obj
 0001:0000b6c0       __acrt_lowio_ensure_fh_exists 000000018000c6c0 f   libucrt:osfinfo.obj
 0001:0000b768       __acrt_lowio_lock_fh       000000018000c768 f   libucrt:osfinfo.obj
 0001:0000b78c       __acrt_lowio_unlock_fh     000000018000c78c f   libucrt:osfinfo.obj
 0001:0000b7b0       _free_osfhnd               000000018000c7b0 f   libucrt:osfinfo.obj
 0001:0000b86c       _get_osfhandle             000000018000c86c f   libucrt:osfinfo.obj
 0001:0000b970       _commit                    000000018000c970 f   libucrt:commit.obj
 0001:0000bfbc       _write                     000000018000cfbc f   libucrt:write.obj
 0001:0000c0a8       _write_nolock              000000018000d0a8 f   libucrt:write.obj
 0001:0000c3ec       _fcloseall                 000000018000d3ec f   libucrt:closeall.obj
 0001:0000c4a0       __acrt_stdio_free_buffer_nolock 000000018000d4a0 f   libucrt:_freebuf.obj
 0001:0000c4e0       _isatty                    000000018000d4e0 f   libucrt:isatty.obj
 0001:0000c540       __acrt_MultiByteToWideChar 000000018000d540 f   libucrt:multibytetowidechar.obj
 0001:0000c548       __strncnt                  000000018000d548 f   libucrt:strncnt.obj
 0001:0000c560       __ascii_strnicmp           000000018000d560 f   libucrt:strnicmp.obj
 0001:0000c5bc       _strnicmp                  000000018000d5bc f   libucrt:strnicmp.obj
 0001:0000c60c       _strnicmp_l                000000018000d60c f   libucrt:strnicmp.obj
 0001:0000ca38       __acrt_CompareStringA      000000018000da38 f   libucrt:comparestringa.obj
 0001:0000cac4       _query_app_type            000000018000dac4 f   libucrt:report_runtime_error.obj
 0001:0000cb68       _lseeki64_nolock           000000018000db68 f   libucrt:lseek.obj
 0001:0000cb70       _putwch_nolock             000000018000db70 f   libucrt:putwch.obj
 0001:0000cbac       _fclose_nolock             000000018000dbac f   libucrt:fclose.obj
 0001:0000cc30       fclose                     000000018000dc30 f   libucrt:fclose.obj
 0001:0000cca0       log10                      000000018000dca0 f   libucrt:log10.obj
 0001:0000d24c       __dcrt_lowio_ensure_console_output_initialized 000000018000e24c f   libucrt:initcon.obj
 0001:0000d2a0       __dcrt_terminate_console_output 000000018000e2a0 f   libucrt:initcon.obj
 0001:0000d2bc       __dcrt_write_console_w     000000018000e2bc f   libucrt:initcon.obj
 0001:0000d3f0       _close                     000000018000e3f0 f   libucrt:close.obj
 0001:0000d494       _close_nolock              000000018000e494 f   libucrt:close.obj
 0001:0000d550       ?__acrt_stdio_free_stream@@YAXV__crt_stdio_stream@@@Z 000000018000e550 f   libucrt:stream.obj
 0001:0000d690       _handle_error              000000018000e690 f   libucrt:libm_error.obj
 0001:0000d7c0       __acrt_initialize_fma3     000000018000e7c0 f   libucrt:fma3_available.obj
 0001:0000d830       _log10_special             000000018000e830 f   libucrt:log_special.obj
 0001:0000d900       _get_fpsr                  000000018000e900 f   libucrt:fpsr.obj
 0001:0000d910       _set_fpsr                  000000018000e910 f   libucrt:fpsr.obj
 0001:0000d91a       _fclrf                     000000018000e91a f   libucrt:fpsr.obj
 0001:0000d92e       _frnd                      000000018000e92e f   libucrt:fpsr.obj
 0001:0000d950       _raise_exc                 000000018000e950 f   libucrt:fpexcept.obj
 0001:0000d978       _raise_exc_ex              000000018000e978 f   libucrt:fpexcept.obj
 0001:0000dc80       _set_errno_from_matherr    000000018000ec80 f   libucrt:fpexcept.obj
 0001:0000dcb0       _clrfp                     000000018000ecb0 f   libucrt:fpctrl.obj
 0001:0000dcd0       _ctrlfp                    000000018000ecd0 f   libucrt:fpctrl.obj
 0001:0000dd4c       _set_statfp                000000018000ed4c f   libucrt:fpctrl.obj
 0001:0000dd6c       _statfp                    000000018000ed6c f   libucrt:fpctrl.obj
 0001:0000dd7d       IsProcessorFeaturePresent  000000018000ed7d f   kernel32:KERNEL32.dll
 0001:0000dd83       RtlUnwindEx                000000018000ed83 f   kernel32:KERNEL32.dll
 0001:0000dd8c       ?DloadAcquireSectionWriteAccess@@YAXXZ 000000018000ed8c f i DelayImp:delayhlp.obj
 0001:0000de48       ?DloadGetSRWLockFunctionPointers@@YAEXZ 000000018000ee48 f i DelayImp:delayhlp.obj
 0001:0000dee4       ?DloadMakePermanentImageCommit@@YAXPEAX_K@Z 000000018000eee4 f i DelayImp:delayhlp.obj
 0001:0000df80       ?DloadObtainSection@@YAPEAXPEAK0@Z 000000018000ef80 f i DelayImp:delayhlp.obj
 0001:0000e014       ?DloadProtectSection@@YAXKPEAK@Z 000000018000f014 f i DelayImp:delayhlp.obj
 0001:0000e0a4       ?DloadReleaseSectionWriteAccess@@YAXXZ 000000018000f0a4 f i DelayImp:delayhlp.obj
 0001:0000e148       __delayLoadHelper2         000000018000f148 f   DelayImp:delayhlp.obj
 0001:0000e440       _FindPESection             000000018000f440 f   LIBCMT:pesect.obj
 0001:0000e490       _IsNonwritableInCurrentImage 000000018000f490 f   LIBCMT:pesect.obj
 0001:0000e4e0       _ValidateImageBase         000000018000f4e0 f   LIBCMT:pesect.obj
 0001:0000e510       __GSHandlerCheck           000000018000f510 f   LIBCMT:_gshandler_.obj
 0001:0000e530       __GSHandlerCheckCommon     000000018000f530 f   LIBCMT:_gshandler_.obj
 0001:0000e5a0       _alloca_probe              000000018000f5a0 f   LIBCMT:_chkstk_.obj
 0001:0000e5a0       __chkstk                   000000018000f5a0 f   LIBCMT:_chkstk_.obj
 0001:0000e610       memmove                    000000018000f610 f   libvcruntime:memcpy.obj
 0001:0000e610       memcpy                     000000018000f610 f   libvcruntime:memcpy.obj
 0001:0000ea70       memcmp                     000000018000fa70 f   libvcruntime:memcmp.obj
 0001:0000eb38       strchr                     000000018000fb38 f   libvcruntime:strchr.obj
 0001:0000ebe0       _guard_dispatch_icall_nop  000000018000fbe0 f   LIBCMT:_guard_dispatch_.obj
 0001:0000ec00       __guard_ss_verify_failure  000000018000fc00 f   LIBCMT:_rfgfailure_.obj
 0001:0000ec0b       __guard_ss_verify_failure_rcx 000000018000fc0b     LIBCMT:_rfgfailure_.obj
 0001:0000ec11       __guard_ss_verify_failure_rdx 000000018000fc11     LIBCMT:_rfgfailure_.obj
 0001:0000ec17       __guard_ss_verify_failure_r8 000000018000fc17     LIBCMT:_rfgfailure_.obj
 0001:0000ec1d       __guard_ss_verify_failure_r9 000000018000fc1d     LIBCMT:_rfgfailure_.obj
 0001:0000ec23       __guard_ss_verify_failure_r10 000000018000fc23     LIBCMT:_rfgfailure_.obj
 0001:0000ec30       __guard_ss_verify_failure_default 000000018000fc30 f   LIBCMT:_rfgfailure_.obj
 0001:0000ec90       __guard_ss_verify_sp       000000018000fc90 f   LIBCMT:_rfgfailure_.obj
 0001:0000eca0       __guard_ss_verify_sp_default 000000018000fca0 f   LIBCMT:_rfgfailure_.obj
 0002:00000000       __imp_GetModuleHandleA     0000000180010000     kernel32:KERNEL32.dll
 0002:00000008       __imp_VirtualQuery         0000000180010008     kernel32:KERNEL32.dll
 0002:00000010       __imp_RtlCaptureContext    0000000180010010     kernel32:KERNEL32.dll
 0002:00000018       __imp_RtlLookupFunctionEntry 0000000180010018     kernel32:KERNEL32.dll
 0002:00000020       __imp_RtlVirtualUnwind     0000000180010020     kernel32:KERNEL32.dll
 0002:00000028       __imp_UnhandledExceptionFilter 0000000180010028     kernel32:KERNEL32.dll
 0002:00000030       __imp_SetUnhandledExceptionFilter 0000000180010030     kernel32:KERNEL32.dll
 0002:00000038       __imp_GetCurrentProcess    0000000180010038     kernel32:KERNEL32.dll
 0002:00000040       __imp_TerminateProcess     0000000180010040     kernel32:KERNEL32.dll
 0002:00000048       __imp_IsProcessorFeaturePresent 0000000180010048     kernel32:KERNEL32.dll
 0002:00000050       __imp_QueryPerformanceCounter 0000000180010050     kernel32:KERNEL32.dll
 0002:00000058       __imp_GetCurrentProcessId  0000000180010058     kernel32:KERNEL32.dll
 0002:00000060       __imp_GetCurrentThreadId   0000000180010060     kernel32:KERNEL32.dll
 0002:00000068       __imp_GetSystemTimeAsFileTime 0000000180010068     kernel32:KERNEL32.dll
 0002:00000070       __imp_InitializeSListHead  0000000180010070     kernel32:KERNEL32.dll
 0002:00000078       __imp_IsDebuggerPresent    0000000180010078     kernel32:KERNEL32.dll
 0002:00000080       __imp_GetStartupInfoW      0000000180010080     kernel32:KERNEL32.dll
 0002:00000088       __imp_GetModuleHandleW     0000000180010088     kernel32:KERNEL32.dll
 0002:00000090       __imp_RtlUnwindEx          0000000180010090     kernel32:KERNEL32.dll
 0002:00000098       __imp_InterlockedFlushSList 0000000180010098     kernel32:KERNEL32.dll
 0002:000000a0       __imp_GetLastError         00000001800100a0     kernel32:KERNEL32.dll
 0002:000000a8       __imp_SetLastError         00000001800100a8     kernel32:KERNEL32.dll
 0002:000000b0       __imp_EnterCriticalSection 00000001800100b0     kernel32:KERNEL32.dll
 0002:000000b8       __imp_LeaveCriticalSection 00000001800100b8     kernel32:KERNEL32.dll
 0002:000000c0       __imp_DeleteCriticalSection 00000001800100c0     kernel32:KERNEL32.dll
 0002:000000c8       __imp_InitializeCriticalSectionAndSpinCount 00000001800100c8     kernel32:KERNEL32.dll
 0002:000000d0       __imp_TlsAlloc             00000001800100d0     kernel32:KERNEL32.dll
 0002:000000d8       __imp_TlsGetValue          00000001800100d8     kernel32:KERNEL32.dll
 0002:000000e0       __imp_TlsSetValue          00000001800100e0     kernel32:KERNEL32.dll
 0002:000000e8       __imp_TlsFree              00000001800100e8     kernel32:KERNEL32.dll
 0002:000000f0       __imp_FreeLibrary          00000001800100f0     kernel32:KERNEL32.dll
 0002:000000f8       __imp_GetProcAddress       00000001800100f8     kernel32:KERNEL32.dll
 0002:00000100       __imp_LoadLibraryExW       0000000180010100     kernel32:KERNEL32.dll
 0002:00000108       __imp_ExitProcess          0000000180010108     kernel32:KERNEL32.dll
 0002:00000110       __imp_GetModuleHandleExW   0000000180010110     kernel32:KERNEL32.dll
 0002:00000118       __imp_GetModuleFileNameA   0000000180010118     kernel32:KERNEL32.dll
 0002:00000120       __imp_MultiByteToWideChar  0000000180010120     kernel32:KERNEL32.dll
 0002:00000128       __imp_WideCharToMultiByte  0000000180010128     kernel32:KERNEL32.dll
 0002:00000130       __imp_GetTimeZoneInformation 0000000180010130     kernel32:KERNEL32.dll
 0002:00000138       __imp_HeapFree             0000000180010138     kernel32:KERNEL32.dll
 0002:00000140       __imp_HeapAlloc            0000000180010140     kernel32:KERNEL32.dll
 0002:00000148       __imp_CompareStringW       0000000180010148     kernel32:KERNEL32.dll
 0002:00000150       __imp_LCMapStringW         0000000180010150     kernel32:KERNEL32.dll
 0002:00000158       __imp_GetACP               0000000180010158     kernel32:KERNEL32.dll
 0002:00000160       __imp_FindClose            0000000180010160     kernel32:KERNEL32.dll
 0002:00000168       __imp_FindFirstFileExA     0000000180010168     kernel32:KERNEL32.dll
 0002:00000170       __imp_FindNextFileA        0000000180010170     kernel32:KERNEL32.dll
 0002:00000178       __imp_IsValidCodePage      0000000180010178     kernel32:KERNEL32.dll
 0002:00000180       __imp_GetOEMCP             0000000180010180     kernel32:KERNEL32.dll
 0002:00000188       __imp_GetCPInfo            0000000180010188     kernel32:KERNEL32.dll
 0002:00000190       __imp_GetCommandLineA      0000000180010190     kernel32:KERNEL32.dll
 0002:00000198       __imp_GetCommandLineW      0000000180010198     kernel32:KERNEL32.dll
 0002:000001a0       __imp_GetEnvironmentStringsW 00000001800101a0     kernel32:KERNEL32.dll
 0002:000001a8       __imp_FreeEnvironmentStringsW 00000001800101a8     kernel32:KERNEL32.dll
 0002:000001b0       __imp_SetEnvironmentVariableA 00000001800101b0     kernel32:KERNEL32.dll
 0002:000001b8       __imp_GetProcessHeap       00000001800101b8     kernel32:KERNEL32.dll
 0002:000001c0       __imp_GetStdHandle         00000001800101c0     kernel32:KERNEL32.dll
 0002:000001c8       __imp_GetFileType          00000001800101c8     kernel32:KERNEL32.dll
 0002:000001d0       __imp_GetStringTypeW       00000001800101d0     kernel32:KERNEL32.dll
 0002:000001d8       __imp_HeapSize             00000001800101d8     kernel32:KERNEL32.dll
 0002:000001e0       __imp_HeapReAlloc          00000001800101e0     kernel32:KERNEL32.dll
 0002:000001e8       __imp_SetStdHandle         00000001800101e8     kernel32:KERNEL32.dll
 0002:000001f0       __imp_FlushFileBuffers     00000001800101f0     kernel32:KERNEL32.dll
 0002:000001f8       __imp_WriteFile            00000001800101f8     kernel32:KERNEL32.dll
 0002:00000200       __imp_GetConsoleCP         0000000180010200     kernel32:KERNEL32.dll
 0002:00000208       __imp_GetConsoleMode       0000000180010208     kernel32:KERNEL32.dll
 0002:00000210       __imp_SetFilePointerEx     0000000180010210     kernel32:KERNEL32.dll
 0002:00000218       __imp_CreateFileW          0000000180010218     kernel32:KERNEL32.dll
 0002:00000220       __imp_CloseHandle          0000000180010220     kernel32:KERNEL32.dll
 0002:00000228       __imp_WriteConsoleW        0000000180010228     kernel32:KERNEL32.dll
 0002:00000230       __imp_RaiseException       0000000180010230     kernel32:KERNEL32.dll
 0002:00000238       __imp_GetSystemInfo        0000000180010238     kernel32:KERNEL32.dll
 0002:00000240       __imp_VirtualProtect       0000000180010240     kernel32:KERNEL32.dll
 0002:00000248       __imp_LoadLibraryExA       0000000180010248     kernel32:KERNEL32.dll
 0002:00000250       \177KERNEL32_NULL_THUNK_DATA 0000000180010250     kernel32:KERNEL32.dll
 0002:00000258       __guard_check_icall_fptr   0000000180010258     LIBCMT:guard_support.obj
 0002:00000260       __guard_dispatch_icall_fptr 0000000180010260     LIBCMT:guard_support.obj
 0002:00000268       __guard_ss_verify_failure_fptr 0000000180010268     LIBCMT:guard_support.obj
 0002:00000270       __guard_ss_verify_sp_fptr  0000000180010270     LIBCMT:guard_support.obj
 0002:00000278       __xc_a                     0000000180010278     LIBCMT:initializers.obj
 0002:00000280       _register_time_            0000000180010280     time.obj
 0002:00000288       __xc_z                     0000000180010288     LIBCMT:initializers.obj
 0002:00000290       __xi_a                     0000000180010290     LIBCMT:initializers.obj
 0002:00000298       __acrt_timeset_initializer 0000000180010298     libucrt:timeset_initializer.obj
 0002:000002a0       __acrt_multibyte_initializer 00000001800102a0     libucrt:multibyte_initializer.obj
 0002:000002a8       __acrt_stdio_initializer   00000001800102a8     libucrt:stdio_initializer.obj
 0002:000002b0       __acrt_tran_fma3_initializer 00000001800102b0     libucrt:fma3_initializer.obj
 0002:000002b8       __xi_z                     00000001800102b8     LIBCMT:initializers.obj
 0002:000002c0       __xp_a                     00000001800102c0     LIBCMT:initializers.obj
 0002:000002c8       __acrt_locale_terminator   00000001800102c8     libucrt:locale_initializer.obj
 0002:000002d0       __dcrt_console_output_terminator 00000001800102d0     libucrt:console_output_initializer.obj
 0002:000002d8       __acrt_stdio_terminator    00000001800102d8     libucrt:stdio_initializer.obj
 0002:000002e0       __xp_z                     00000001800102e0     LIBCMT:initializers.obj
 0002:000002e8       __xt_a                     00000001800102e8     LIBCMT:initializers.obj
 0002:000002f0       __xt_z                     00000001800102f0     LIBCMT:initializers.obj
 0002:00000300       __sz_node_exe              0000000180010300     node:node.exe
 0002:00000310       _pDefaultRawDllMain        0000000180010310     LIBCMT:dll_dllmain.obj
 0002:00000310       _pRawDllMain               0000000180010310     LIBCMT:dll_dllmain.obj
 0002:00000658       ??_C@_08EHJDFFNH@__based?$CI?$AA@ 0000000180010658     libvcruntime:undname.obj
 0002:00000668       ??_C@_07KOLFKCDI@__cdecl?$AA@ 0000000180010668     libvcruntime:undname.obj
 0002:00000670       ??_C@_08GHMPAG@__pascal?$AA@ 0000000180010670     libvcruntime:undname.obj
 0002:00000680       ??_C@_09IFJBGAPI@__stdcall?$AA@ 0000000180010680     libvcruntime:undname.obj
 0002:00000690       ??_C@_0L@NPHFGOKO@__thiscall?$AA@ 0000000180010690     libvcruntime:undname.obj
 0002:000006a0       ??_C@_0L@JMKHOMEK@__fastcall?$AA@ 00000001800106a0     libvcruntime:undname.obj
 0002:000006b0       ??_C@_0N@BCKKPABJ@__vectorcall?$AA@ 00000001800106b0     libvcruntime:undname.obj
 0002:000006c0       ??_C@_09HIJEGCPM@__clrcall?$AA@ 00000001800106c0     libvcruntime:undname.obj
 0002:000006cc       ??_C@_06GHPCKEAG@__eabi?$AA@ 00000001800106cc     libvcruntime:undname.obj
 0002:000006d8       ??_C@_07JOMMBBKO@__ptr64?$AA@ 00000001800106d8     libvcruntime:undname.obj
 0002:000006e0       ??_C@_0L@PILCLIHE@__restrict?$AA@ 00000001800106e0     libvcruntime:undname.obj
 0002:000006f0       ??_C@_0M@GFIIJFMG@__unaligned?$AA@ 00000001800106f0     libvcruntime:undname.obj
 0002:00000700       ??_C@_09DHDLOLLB@restrict?$CI?$AA@ 0000000180010700     libvcruntime:undname.obj
 0002:0000070a       ??_C@_00CNPNBAHC@?$AA@     000000018001070a     libvcruntime:undname.obj
 0002:0000070c       ??_C@_04NIHEBCM@?5new?$AA@ 000000018001070c     libvcruntime:undname.obj
 0002:00000718       ??_C@_07FPCDHGMM@?5delete?$AA@ 0000000180010718     libvcruntime:undname.obj
 0002:00000720       ??_C@_01NEMOKFLO@?$DN?$AA@ 0000000180010720     libvcruntime:undname.obj
 0002:00000724       ??_C@_02GPIOPFAK@?$DO?$DO?$AA@ 0000000180010724     libvcruntime:undname.obj
 0002:00000728       ??_C@_02FODMEDOG@?$DM?$DM?$AA@ 0000000180010728     libvcruntime:undname.obj
 0002:0000072c       ??_C@_01DCLJPIOD@?$CB?$AA@ 000000018001072c     libvcruntime:undname.obj
 0002:00000730       ??_C@_02EGOFBIJA@?$DN?$DN?$AA@ 0000000180010730     libvcruntime:undname.obj
 0002:00000734       ??_C@_02FDNJECIE@?$CB?$DN?$AA@ 0000000180010734     libvcruntime:undname.obj
 0002:00000738       ??_C@_02GPECMEKF@?$FL?$FN?$AA@ 0000000180010738     libvcruntime:undname.obj
 0002:00000740       ??_C@_08LHJFAFGD@operator?$AA@ 0000000180010740     libvcruntime:undname.obj
 0002:0000074c       ??_C@_02HBOOOICD@?9?$DO?$AA@ 000000018001074c     libvcruntime:undname.obj
 0002:00000750       ??_C@_01NBENCBCI@?$CK?$AA@ 0000000180010750     libvcruntime:undname.obj
 0002:00000754       ??_C@_02ECNGHCIF@?$CL?$CL?$AA@ 0000000180010754     libvcruntime:undname.obj
 0002:00000758       ??_C@_02BAABKJLB@?9?9?$AA@ 0000000180010758     libvcruntime:undname.obj
 0002:0000075c       ??_C@_01JOAMLHOP@?9?$AA@   000000018001075c     libvcruntime:undname.obj
 0002:00000760       ??_C@_01MIFGBAGJ@?$CL?$AA@ 0000000180010760     libvcruntime:undname.obj
 0002:00000764       ??_C@_01HNPIGOCE@?$CG?$AA@ 0000000180010764     libvcruntime:undname.obj
 0002:00000768       ??_C@_03MNHNFDLC@?9?$DO?$CK?$AA@ 0000000180010768     libvcruntime:undname.obj
 0002:0000076c       ??_C@_01KMDKNFGN@?1?$AA@   000000018001076c     libvcruntime:undname.obj
 0002:00000770       ??_C@_01FGNFDNOH@?$CF?$AA@ 0000000180010770     libvcruntime:undname.obj
 0002:00000774       ??_C@_01MNNFJEPP@?$DM?$AA@ 0000000180010774     libvcruntime:undname.obj
 0002:00000778       ??_C@_02EHCHHCKH@?$DM?$DN?$AA@ 0000000180010778     libvcruntime:undname.obj
 0002:0000077c       ??_C@_01PPODPGHN@?$DO?$AA@ 000000018001077c     libvcruntime:undname.obj
 0002:00000780       ??_C@_02EEKDKGMJ@?$DO?$DN?$AA@ 0000000180010780     libvcruntime:undname.obj
 0002:00000784       ??_C@_01IHBHIGKO@?0?$AA@   0000000180010784     libvcruntime:undname.obj
 0002:00000788       ??_C@_02HCKGKOFO@?$CI?$CJ?$AA@ 0000000180010788     libvcruntime:undname.obj
 0002:0000078c       ??_C@_01PJKLJHI@?$HO?$AA@  000000018001078c     libvcruntime:undname.obj
 0002:00000790       ??_C@_01JKBOJNNK@?$FO?$AA@ 0000000180010790     libvcruntime:undname.obj
 0002:00000794       ??_C@_01DNKMNLPK@?$HM?$AA@ 0000000180010794     libvcruntime:undname.obj
 0002:00000798       ??_C@_02PPKAJPJL@?$CG?$CG?$AA@ 0000000180010798     libvcruntime:undname.obj
 0002:0000079c       ??_C@_02NONPIBCD@?$HM?$HM?$AA@ 000000018001079c     libvcruntime:undname.obj
 0002:000007a0       ??_C@_02FPIMKNGF@?$CK?$DN?$AA@ 00000001800107a0     libvcruntime:undname.obj
 0002:000007a4       ??_C@_02FOEOMHFC@?$CL?$DN?$AA@ 00000001800107a4     libvcruntime:undname.obj
 0002:000007a8       ??_C@_02FKMDLLOA@?9?$DN?$AA@ 00000001800107a8     libvcruntime:undname.obj
 0002:000007ac       ??_C@_02FJEHGPIO@?1?$DN?$AA@ 00000001800107ac     libvcruntime:undname.obj
 0002:000007b0       ??_C@_02FENAOKFI@?$CF?$DN?$AA@ 00000001800107b0     libvcruntime:undname.obj
 0002:000007b4       ??_C@_03IKFCCPFF@?$DO?$DO?$DN?$AA@ 00000001800107b4     libvcruntime:undname.obj
 0002:000007b8       ??_C@_03CDNPDDLA@?$DM?$DM?$DN?$AA@ 00000001800107b8     libvcruntime:undname.obj
 0002:000007bc       ??_C@_02FGJGFEAB@?$CG?$DN?$AA@ 00000001800107bc     libvcruntime:undname.obj
 0002:000007c0       ??_C@_02DHLNPPGH@?$HM?$DN?$AA@ 00000001800107c0     libvcruntime:undname.obj
 0002:000007c4       ??_C@_02MHEGNOJ@?$FO?$DN?$AA@ 00000001800107c4     libvcruntime:undname.obj
 0002:000007c8       ??_C@_09IFPLHPGF@?$GAvftable?8?$AA@ 00000001800107c8     libvcruntime:undname.obj
 0002:000007d8       ??_C@_09BLBHBJP@?$GAvbtable?8?$AA@ 00000001800107d8     libvcruntime:undname.obj
 0002:000007e8       ??_C@_07FEEIOKP@?$GAvcall?8?$AA@ 00000001800107e8     libvcruntime:undname.obj
 0002:000007f0       ??_C@_08LLFFHHDJ@?$GAtypeof?8?$AA@ 00000001800107f0     libvcruntime:undname.obj
 0002:00000800       ??_C@_0BF@KDPPACIK@?$GAlocal?5static?5guard?8?$AA@ 0000000180010800     libvcruntime:undname.obj
 0002:00000818       ??_C@_08OBABFOLI@?$GAstring?8?$AA@ 0000000180010818     libvcruntime:undname.obj
 0002:00000828       ??_C@_0BD@JDLKDPAB@?$GAvbase?5destructor?8?$AA@ 0000000180010828     libvcruntime:undname.obj
 0002:00000840       ??_C@_0BN@DEGPLNFK@?$GAvector?5deleting?5destructor?8?$AA@ 0000000180010840     libvcruntime:undname.obj
 0002:00000860       ??_C@_0BO@OBMKPJIG@?$GAdefault?5constructor?5closure?8?$AA@ 0000000180010860     libvcruntime:undname.obj
 0002:00000880       ??_C@_0BN@IMDCHIKM@?$GAscalar?5deleting?5destructor?8?$AA@ 0000000180010880     libvcruntime:undname.obj
 0002:000008a0       ??_C@_0BO@PFGOCPJJ@?$GAvector?5constructor?5iterator?8?$AA@ 00000001800108a0     libvcruntime:undname.obj
 0002:000008c0       ??_C@_0BN@LFPFMEDL@?$GAvector?5destructor?5iterator?8?$AA@ 00000001800108c0     libvcruntime:undname.obj
 0002:000008e0       ??_C@_0CE@IKBNEHA@?$GAvector?5vbase?5constructor?5iterat@ 00000001800108e0     libvcruntime:undname.obj
 0002:00000908       ??_C@_0BL@NILFHHPC@?$GAvirtual?5displacement?5map?8?$AA@ 0000000180010908     libvcruntime:undname.obj
 0002:00000928       ??_C@_0CB@JONCMFFK@?$GAeh?5vector?5constructor?5iterator?8@ 0000000180010928     libvcruntime:undname.obj
 0002:00000950       ??_C@_0CA@GCEOPDGL@?$GAeh?5vector?5destructor?5iterator?8?$AA@ 0000000180010950     libvcruntime:undname.obj
 0002:00000970       ??_C@_0CH@OOJPLCPH@?$GAeh?5vector?5vbase?5constructor?5ite@ 0000000180010970     libvcruntime:undname.obj
 0002:00000998       ??_C@_0BL@LLKPOHJI@?$GAcopy?5constructor?5closure?8?$AA@ 0000000180010998     libvcruntime:undname.obj
 0002:000009b8       ??_C@_0BA@KBCDOMBN@?$GAudt?5returning?8?$AA@ 00000001800109b8     libvcruntime:undname.obj
 0002:000009c8       ??_C@_03KLGMFNMG@?$GAEH?$AA@ 00000001800109c8     libvcruntime:undname.obj
 0002:000009cc       ??_C@_05KHLCHHI@?$GARTTI?$AA@ 00000001800109cc     libvcruntime:undname.obj
 0002:000009d8       ??_C@_0BA@KKLDJDLB@?$GAlocal?5vftable?8?$AA@ 00000001800109d8     libvcruntime:undname.obj
 0002:000009e8       ??_C@_0CE@IIHCMGGL@?$GAlocal?5vftable?5constructor?5closu@ 00000001800109e8     libvcruntime:undname.obj
 0002:00000a0c       ??_C@_06FHBGPFGH@?5new?$FL?$FN?$AA@ 0000000180010a0c     libvcruntime:undname.obj
 0002:00000a18       ??_C@_09LBNFPBCA@?5delete?$FL?$FN?$AA@ 0000000180010a18     libvcruntime:undname.obj
 0002:00000a28       ??_C@_0P@HJKNJFNN@?$GAomni?5callsig?8?$AA@ 0000000180010a28     libvcruntime:undname.obj
 0002:00000a38       ??_C@_0BL@CNOONJFP@?$GAplacement?5delete?5closure?8?$AA@ 0000000180010a38     libvcruntime:undname.obj
 0002:00000a58       ??_C@_0BN@CKNJLHMB@?$GAplacement?5delete?$FL?$FN?5closure?8?$AA@ 0000000180010a58     libvcruntime:undname.obj
 0002:00000a78       ??_C@_0CG@CFDHKGGD@?$GAmanaged?5vector?5constructor?5iter@ 0000000180010a78     libvcruntime:undname.obj
 0002:00000aa0       ??_C@_0CF@IMGKMJNO@?$GAmanaged?5vector?5destructor?5itera@ 0000000180010aa0     libvcruntime:undname.obj
 0002:00000ac8       ??_C@_0CG@HLDDJMAG@?$GAeh?5vector?5copy?5constructor?5iter@ 0000000180010ac8     libvcruntime:undname.obj
 0002:00000af0       ??_C@_0CM@FCBBDIGB@?$GAeh?5vector?5vbase?5copy?5constructo@ 0000000180010af0     libvcruntime:undname.obj
 0002:00000b20       ??_C@_0BL@CLIPGLGB@?$GAdynamic?5initializer?5for?5?8?$AA@ 0000000180010b20     libvcruntime:undname.obj
 0002:00000b40       ??_C@_0CB@PDBIFEP@?$GAdynamic?5atexit?5destructor?5for?5?8@ 0000000180010b40     libvcruntime:undname.obj
 0002:00000b68       ??_C@_0CD@CGAJBKEJ@?$GAvector?5copy?5constructor?5iterato@ 0000000180010b68     libvcruntime:undname.obj
 0002:00000b90       ??_C@_0CJ@GJELGAMM@?$GAvector?5vbase?5copy?5constructor?5i@ 0000000180010b90     libvcruntime:undname.obj
 0002:00000bc0       ??_C@_0CL@FGIJHLCE@?$GAmanaged?5vector?5copy?5constructor@ 0000000180010bc0     libvcruntime:undname.obj
 0002:00000bf0       ??_C@_0BM@PMGGMLDN@?$GAlocal?5static?5thread?5guard?8?$AA@ 0000000180010bf0     libvcruntime:undname.obj
 0002:00000c10       ??_C@_0N@BDNMDMOL@operator?5?$CC?$CC?5?$AA@ 0000000180010c10     libvcruntime:undname.obj
 0002:00000c20       ??_C@_0BC@GGEBGALA@operator?5co_await?$AA@ 0000000180010c20     libvcruntime:undname.obj
 0002:00000c38       ??_C@_0BC@DAFEJGAK@?5Type?5Descriptor?8?$AA@ 0000000180010c38     libvcruntime:undname.obj
 0002:00000c50       ??_C@_0BM@LDKODKLH@?5Base?5Class?5Descriptor?5at?5?$CI?$AA@ 0000000180010c50     libvcruntime:undname.obj
 0002:00000c70       ??_C@_0BD@LGICGFMM@?5Base?5Class?5Array?8?$AA@ 0000000180010c70     libvcruntime:undname.obj
 0002:00000c88       ??_C@_0BN@MECKDCOJ@?5Class?5Hierarchy?5Descriptor?8?$AA@ 0000000180010c88     libvcruntime:undname.obj
 0002:00000ca8       ??_C@_0BK@CFCOFLF@?5Complete?5Object?5Locator?8?$AA@ 0000000180010ca8     libvcruntime:undname.obj
 0002:00000ce0       ??_C@_1DM@KHCHBNEB@?$AAa?$AAp?$AAi?$AA?9?$AAm?$AAs?$AA?9?$AAw?$AAi?$AAn?$AA?9?$AAc?$AAo?$AAr?$AAe?$AA?9?$AAf?$AAi?$AAb?$AAe?$AAr?$AAs?$AA?9?$AAl?$AA1?$AA?9?$AA1?$AA?9?$AA1?$AA?$AA@ 0000000180010ce0     libvcruntime:winapi_downlevel.obj
 0002:00000d20       ??_C@_1DK@LPPGFMPP@?$AAa?$AAp?$AAi?$AA?9?$AAm?$AAs?$AA?9?$AAw?$AAi?$AAn?$AA?9?$AAc?$AAo?$AAr?$AAe?$AA?9?$AAs?$AAy?$AAn?$AAc?$AAh?$AA?9?$AAl?$AA1?$AA?9?$AA2?$AA?9?$AA0?$AA?$AA@ 0000000180010d20     libvcruntime:winapi_downlevel.obj
 0002:00000d60       ??_C@_1BC@GDMECMAK@?$AAk?$AAe?$AAr?$AAn?$AAe?$AAl?$AA3?$AA2?$AA?$AA@ 0000000180010d60     libvcruntime:winapi_downlevel.obj
 0002:00000d78       ??_C@_1BA@PFFKHIOG@?$AAa?$AAp?$AAi?$AA?9?$AAm?$AAs?$AA?9?$AA?$AA@ 0000000180010d78     libvcruntime:winapi_downlevel.obj
 0002:00000d88       ??_C@_1BA@IAIFMGEF@?$AAe?$AAx?$AAt?$AA?9?$AAm?$AAs?$AA?9?$AA?$AA@ 0000000180010d88     libvcruntime:winapi_downlevel.obj
 0002:00000da0       ??_C@_08KNHFBNJ@FlsAlloc?$AA@ 0000000180010da0     libvcruntime:winapi_downlevel.obj
 0002:00000db8       ??_C@_07PEJMOBNF@FlsFree?$AA@ 0000000180010db8     libvcruntime:winapi_downlevel.obj
 0002:00000dc8       ??_C@_0M@GDNOONDI@FlsGetValue?$AA@ 0000000180010dc8     libvcruntime:winapi_downlevel.obj
 0002:00000de0       ??_C@_0M@JCPCPOEF@FlsSetValue?$AA@ 0000000180010de0     libvcruntime:winapi_downlevel.obj
 0002:00000df8       ??_C@_0BM@HCFOFFN@InitializeCriticalSectionEx?$AA@ 0000000180010df8     libvcruntime:winapi_downlevel.obj
 0002:00000e20       __acrt_exception_action_table 0000000180010e20     libucrt:exception_filter.obj
 0002:00000ee0       __acrt_signal_action_table_count 0000000180010ee0     libucrt:exception_filter.obj
 0002:00000ee8       __acrt_signal_action_first_fpe_index 0000000180010ee8     libucrt:exception_filter.obj
 0002:00000ef0       __acrt_signal_action_fpe_count 0000000180010ef0     libucrt:exception_filter.obj
 0002:00000ef8       ??_C@_1BI@BGOHAHKC@?$AAm?$AAs?$AAc?$AAo?$AAr?$AAe?$AAe?$AA?4?$AAd?$AAl?$AAl?$AA?$AA@ 0000000180010ef8     libucrt:exit.obj
 0002:00000f10       ??_C@_0P@MIGLKIOC@CorExitProcess?$AA@ 0000000180010f10     libucrt:exit.obj
 0002:00001020       ??_C@_02CLFPBFFP@TZ?$AA@   0000000180011020     libucrt:tzset.obj
 0002:00001190       _days                      0000000180011190     libucrt:days.obj
 0002:000011c8       _lpdays                    00000001800111c8     libucrt:days.obj
 0002:000012a0       ??_C@_1EA@JGEFHKEI@?$AAa?$AAp?$AAi?$AA?9?$AAm?$AAs?$AA?9?$AAw?$AAi?$AAn?$AA?9?$AAc?$AAo?$AAr?$AAe?$AA?9?$AAd?$AAa?$AAt?$AAe?$AAt?$AAi?$AAm?$AAe?$AA?9?$AAl?$AA1?$AA?9?$AA1?$AA?9?$AA1?$AA?$AA@ 00000001800112a0     libucrt:winapi_thunks.obj
 0002:000012e0       ??_C@_1DI@IJCEHOCB@?$AAa?$AAp?$AAi?$AA?9?$AAm?$AAs?$AA?9?$AAw?$AAi?$AAn?$AA?9?$AAc?$AAo?$AAr?$AAe?$AA?9?$AAf?$AAi?$AAl?$AAe?$AA?9?$AAl?$AA1?$AA?9?$AA2?$AA?9?$AA2?$AA?$AA@ 00000001800112e0     libucrt:winapi_thunks.obj
 0002:00001320       ??_C@_1EI@MPIAOHOC@?$AAa?$AAp?$AAi?$AA?9?$AAm?$AAs?$AA?9?$AAw?$AAi?$AAn?$AA?9?$AAc?$AAo?$AAr?$AAe?$AA?9?$AAl?$AAo?$AAc?$AAa?$AAl?$AAi?$AAz?$AAa?$AAt?$AAi?$AAo?$AAn?$AA?9?$AAl?$AA1?$AA?9@ 0000000180011320     libucrt:winapi_thunks.obj
 0002:00001370       ??_C@_1FK@FPHCKFIE@?$AAa?$AAp?$AAi?$AA?9?$AAm?$AAs?$AA?9?$AAw?$AAi?$AAn?$AA?9?$AAc?$AAo?$AAr?$AAe?$AA?9?$AAl?$AAo?$AAc?$AAa?$AAl?$AAi?$AAz?$AAa?$AAt?$AAi?$AAo?$AAn?$AA?9?$AAo?$AAb?$AAs@ 0000000180011370     libucrt:winapi_thunks.obj
 0002:000013d0       ??_C@_1EM@DILCGIIO@?$AAa?$AAp?$AAi?$AA?9?$AAm?$AAs?$AA?9?$AAw?$AAi?$AAn?$AA?9?$AAc?$AAo?$AAr?$AAe?$AA?9?$AAp?$AAr?$AAo?$AAc?$AAe?$AAs?$AAs?$AAt?$AAh?$AAr?$AAe?$AAa?$AAd?$AAs?$AA?9?$AAl@ 00000001800113d0     libucrt:winapi_thunks.obj
 0002:00001420       ??_C@_1DM@LNCGDDPN@?$AAa?$AAp?$AAi?$AA?9?$AAm?$AAs?$AA?9?$AAw?$AAi?$AAn?$AA?9?$AAc?$AAo?$AAr?$AAe?$AA?9?$AAs?$AAt?$AAr?$AAi?$AAn?$AAg?$AA?9?$AAl?$AA1?$AA?9?$AA1?$AA?9?$AA0?$AA?$AA@ 0000000180011420     libucrt:winapi_thunks.obj
 0002:00001460       ??_C@_1DO@FPAPJEMD@?$AAa?$AAp?$AAi?$AA?9?$AAm?$AAs?$AA?9?$AAw?$AAi?$AAn?$AA?9?$AAc?$AAo?$AAr?$AAe?$AA?9?$AAs?$AAy?$AAs?$AAi?$AAn?$AAf?$AAo?$AA?9?$AAl?$AA1?$AA?9?$AA2?$AA?9?$AA1?$AA?$AA@ 0000000180011460     libucrt:winapi_thunks.obj
 0002:000014a0       ??_C@_1DK@NDHNAHIO@?$AAa?$AAp?$AAi?$AA?9?$AAm?$AAs?$AA?9?$AAw?$AAi?$AAn?$AA?9?$AAc?$AAo?$AAr?$AAe?$AA?9?$AAw?$AAi?$AAn?$AAr?$AAt?$AA?9?$AAl?$AA1?$AA?9?$AA1?$AA?9?$AA0?$AA?$AA@ 00000001800114a0     libucrt:winapi_thunks.obj
 0002:000014e0       ??_C@_1DM@KGHDGBCM@?$AAa?$AAp?$AAi?$AA?9?$AAm?$AAs?$AA?9?$AAw?$AAi?$AAn?$AA?9?$AAc?$AAo?$AAr?$AAe?$AA?9?$AAx?$AAs?$AAt?$AAa?$AAt?$AAe?$AA?9?$AAl?$AA2?$AA?9?$AA1?$AA?9?$AA0?$AA?$AA@ 00000001800114e0     libucrt:winapi_thunks.obj
 0002:00001520       ??_C@_1EO@IJIOEFOH@?$AAa?$AAp?$AAi?$AA?9?$AAm?$AAs?$AA?9?$AAw?$AAi?$AAn?$AA?9?$AAr?$AAt?$AAc?$AAo?$AAr?$AAe?$AA?9?$AAn?$AAt?$AAu?$AAs?$AAe?$AAr?$AA?9?$AAw?$AAi?$AAn?$AAd?$AAo?$AAw?$AA?9@ 0000000180011520     libucrt:winapi_thunks.obj
 0002:00001570       ??_C@_1FG@HHGEKANL@?$AAa?$AAp?$AAi?$AA?9?$AAm?$AAs?$AA?9?$AAw?$AAi?$AAn?$AA?9?$AAs?$AAe?$AAc?$AAu?$AAr?$AAi?$AAt?$AAy?$AA?9?$AAs?$AAy?$AAs?$AAt?$AAe?$AAm?$AAf?$AAu?$AAn?$AAc?$AAt?$AAi@ 0000000180011570     libucrt:winapi_thunks.obj
 0002:000015d0       ??_C@_1EG@DBIOJECG@?$AAe?$AAx?$AAt?$AA?9?$AAm?$AAs?$AA?9?$AAw?$AAi?$AAn?$AA?9?$AAn?$AAt?$AAu?$AAs?$AAe?$AAr?$AA?9?$AAd?$AAi?$AAa?$AAl?$AAo?$AAg?$AAb?$AAo?$AAx?$AA?9?$AAl?$AA1?$AA?9?$AA1@ 00000001800115d0     libucrt:winapi_thunks.obj
 0002:00001620       ??_C@_1EO@FIHMJCLF@?$AAe?$AAx?$AAt?$AA?9?$AAm?$AAs?$AA?9?$AAw?$AAi?$AAn?$AA?9?$AAn?$AAt?$AAu?$AAs?$AAe?$AAr?$AA?9?$AAw?$AAi?$AAn?$AAd?$AAo?$AAw?$AAs?$AAt?$AAa?$AAt?$AAi?$AAo?$AAn?$AA?9@ 0000000180011620     libucrt:winapi_thunks.obj
 0002:00001670       ??_C@_1BC@DNHGCMLG@?$AAa?$AAd?$AAv?$AAa?$AAp?$AAi?$AA3?$AA2?$AA?$AA@ 0000000180011670     libucrt:winapi_thunks.obj
 0002:00001688       ??_C@_1M@OAIMIKLP@?$AAn?$AAt?$AAd?$AAl?$AAl?$AA?$AA@ 0000000180011688     libucrt:winapi_thunks.obj
 0002:000016a0       ??_C@_1EG@DPGNFKGC@?$AAa?$AAp?$AAi?$AA?9?$AAm?$AAs?$AA?9?$AAw?$AAi?$AAn?$AA?9?$AAa?$AAp?$AAp?$AAm?$AAo?$AAd?$AAe?$AAl?$AA?9?$AAr?$AAu?$AAn?$AAt?$AAi?$AAm?$AAe?$AA?9?$AAl?$AA1?$AA?9?$AA1@ 00000001800116a0     libucrt:winapi_thunks.obj
 0002:000016e8       ??_C@_1O@BCCLBEOE@?$AAu?$AAs?$AAe?$AAr?$AA3?$AA2?$AA?$AA@ 00000001800116e8     libucrt:winapi_thunks.obj
 0002:00001700       ??_C@_0BA@IHGNDAEB@CompareStringEx?$AA@ 0000000180011700     libucrt:winapi_thunks.obj
 0002:00001738       ??_C@_0BP@FPNJPEJC@GetSystemTimePreciseAsFileTime?$AA@ 0000000180011738     libucrt:winapi_thunks.obj
 0002:00001768       ??_C@_0O@KKBNKAPF@LCMapStringEx?$AA@ 0000000180011768     libucrt:winapi_thunks.obj
 0002:00001780       ??_C@_0BB@HBDEELFH@LocaleNameToLCID?$AA@ 0000000180011780     libucrt:winapi_thunks.obj
 0002:00001798       ??_C@_0CF@OJOFEIGO@AppPolicyGetProcessTerminationMe@ 0000000180011798     libucrt:winapi_thunks.obj
 0002:000017c0       __lc_time_c                00000001800117c0     libucrt:nlsdata.obj
 0002:00001a80       ??_C@_03KOEHGMDN@Sun?$AA@  0000000180011a80     libucrt:nlsdata.obj
 0002:00001a84       ??_C@_03PDAGKDH@Mon?$AA@   0000000180011a84     libucrt:nlsdata.obj
 0002:00001a88       ??_C@_03NAGEINEP@Tue?$AA@  0000000180011a88     libucrt:nlsdata.obj
 0002:00001a8c       ??_C@_03MHOMLAJA@Wed?$AA@  0000000180011a8c     libucrt:nlsdata.obj
 0002:00001a90       ??_C@_03IOFIKPDN@Thu?$AA@  0000000180011a90     libucrt:nlsdata.obj
 0002:00001a94       ??_C@_03IDIOELNC@Fri?$AA@  0000000180011a94     libucrt:nlsdata.obj
 0002:00001a98       ??_C@_03FEFJNEK@Sat?$AA@   0000000180011a98     libucrt:nlsdata.obj
 0002:00001a9c       ??_C@_06OOPIFAJ@Sunday?$AA@ 0000000180011a9c     libucrt:nlsdata.obj
 0002:00001aa4       ??_C@_06JLEDEDGH@Monday?$AA@ 0000000180011aa4     libucrt:nlsdata.obj
 0002:00001ab0       ??_C@_07BAAGCFCM@Tuesday?$AA@ 0000000180011ab0     libucrt:nlsdata.obj
 0002:00001ab8       ??_C@_09DLIGFAKA@Wednesday?$AA@ 0000000180011ab8     libucrt:nlsdata.obj
 0002:00001ac8       ??_C@_08HACCIKIA@Thursday?$AA@ 0000000180011ac8     libucrt:nlsdata.obj
 0002:00001ad4       ??_C@_06JECMNKMI@Friday?$AA@ 0000000180011ad4     libucrt:nlsdata.obj
 0002:00001ae0       ??_C@_08INBOOONO@Saturday?$AA@ 0000000180011ae0     libucrt:nlsdata.obj
 0002:00001aec       ??_C@_03JIHJHPIE@Jan?$AA@  0000000180011aec     libucrt:nlsdata.obj
 0002:00001af0       ??_C@_03HJBDCHOM@Feb?$AA@  0000000180011af0     libucrt:nlsdata.obj
 0002:00001af4       ??_C@_03ODNJBKGA@Mar?$AA@  0000000180011af4     libucrt:nlsdata.obj
 0002:00001af8       ??_C@_03LEOLGMJP@Apr?$AA@  0000000180011af8     libucrt:nlsdata.obj
 0002:00001afc       ??_C@_03CNMDKL@May?$AA@    0000000180011afc     libucrt:nlsdata.obj
 0002:00001b00       ??_C@_03IDFGHECI@Jun?$AA@  0000000180011b00     libucrt:nlsdata.obj
 0002:00001b04       ??_C@_03LBGABGKK@Jul?$AA@  0000000180011b04     libucrt:nlsdata.obj
 0002:00001b08       ??_C@_03IFJFEIGA@Aug?$AA@  0000000180011b08     libucrt:nlsdata.obj
 0002:00001b0c       ??_C@_03GGCAPAJC@Sep?$AA@  0000000180011b0c     libucrt:nlsdata.obj
 0002:00001b10       ??_C@_03BMAOKBAD@Oct?$AA@  0000000180011b10     libucrt:nlsdata.obj
 0002:00001b14       ??_C@_03JPJOFNIA@Nov?$AA@  0000000180011b14     libucrt:nlsdata.obj
 0002:00001b18       ??_C@_03MKABNOCG@Dec?$AA@  0000000180011b18     libucrt:nlsdata.obj
 0002:00001b20       ??_C@_07CGJPFGJA@January?$AA@ 0000000180011b20     libucrt:nlsdata.obj
 0002:00001b28       ??_C@_08GNJGEPFN@February?$AA@ 0000000180011b28     libucrt:nlsdata.obj
 0002:00001b34       ??_C@_05HPCKOFNC@March?$AA@ 0000000180011b34     libucrt:nlsdata.obj
 0002:00001b3c       ??_C@_05DMJDNLEJ@April?$AA@ 0000000180011b3c     libucrt:nlsdata.obj
 0002:00001b44       ??_C@_04CNLMGBGM@June?$AA@ 0000000180011b44     libucrt:nlsdata.obj
 0002:00001b4c       ??_C@_04MIEPOIFP@July?$AA@ 0000000180011b4c     libucrt:nlsdata.obj
 0002:00001b54       ??_C@_06LBBHFDDG@August?$AA@ 0000000180011b54     libucrt:nlsdata.obj
 0002:00001b60       ??_C@_09BHHEALKD@September?$AA@ 0000000180011b60     libucrt:nlsdata.obj
 0002:00001b70       ??_C@_07JJNFCEND@October?$AA@ 0000000180011b70     libucrt:nlsdata.obj
 0002:00001b78       ??_C@_08HCHEGEOA@November?$AA@ 0000000180011b78     libucrt:nlsdata.obj
 0002:00001b88       ??_C@_08EDHMEBNP@December?$AA@ 0000000180011b88     libucrt:nlsdata.obj
 0002:00001b94       ??_C@_02DEDBPAFC@AM?$AA@   0000000180011b94     libucrt:nlsdata.obj
 0002:00001b98       ??_C@_02CJNFDJBF@PM?$AA@   0000000180011b98     libucrt:nlsdata.obj
 0002:00001ba0       ??_C@_08BPBNCDIB@MM?1dd?1yy?$AA@ 0000000180011ba0     libucrt:nlsdata.obj
 0002:00001bb0       ??_C@_0BE@CKGJFCPC@dddd?0?5MMMM?5dd?0?5yyyy?$AA@ 0000000180011bb0     libucrt:nlsdata.obj
 0002:00001bc8       ??_C@_08JCCMCCIL@HH?3mm?3ss?$AA@ 0000000180011bc8     libucrt:nlsdata.obj
 0002:00001bd8       ??_C@_17MBGCMIPB@?$AAS?$AAu?$AAn?$AA?$AA@ 0000000180011bd8     libucrt:nlsdata.obj
 0002:00001be0       ??_C@_17KBOMKBF@?$AAM?$AAo?$AAn?$AA?$AA@ 0000000180011be0     libucrt:nlsdata.obj
 0002:00001be8       ??_C@_17BMKGEGOJ@?$AAT?$AAu?$AAe?$AA?$AA@ 0000000180011be8     libucrt:nlsdata.obj
 0002:00001bf0       ??_C@_17CJEDCEPE@?$AAW?$AAe?$AAd?$AA?$AA@ 0000000180011bf0     libucrt:nlsdata.obj
 0002:00001bf8       ??_C@_17PDPHAADD@?$AAT?$AAh?$AAu?$AA?$AA@ 0000000180011bf8     libucrt:nlsdata.obj
 0002:00001c00       ??_C@_17HFOLPPLP@?$AAF?$AAr?$AAi?$AA?$AA@ 0000000180011c00     libucrt:nlsdata.obj
 0002:00001c08       ??_C@_17GGIBDPIH@?$AAS?$AAa?$AAt?$AA?$AA@ 0000000180011c08     libucrt:nlsdata.obj
 0002:00001c10       ??_C@_1O@IHNHDHPB@?$AAS?$AAu?$AAn?$AAd?$AAa?$AAy?$AA?$AA@ 0000000180011c10     libucrt:nlsdata.obj
 0002:00001c20       ??_C@_1O@MMNBFLIA@?$AAM?$AAo?$AAn?$AAd?$AAa?$AAy?$AA?$AA@ 0000000180011c20     libucrt:nlsdata.obj
 0002:00001c30       ??_C@_1BA@ENFBFFEK@?$AAT?$AAu?$AAe?$AAs?$AAd?$AAa?$AAy?$AA?$AA@ 0000000180011c30     libucrt:nlsdata.obj
 0002:00001c40       ??_C@_1BE@EBOGMDOH@?$AAW?$AAe?$AAd?$AAn?$AAe?$AAs?$AAd?$AAa?$AAy?$AA?$AA@ 0000000180011c40     libucrt:nlsdata.obj
 0002:00001c58       ??_C@_1BC@HHMNLIHE@?$AAT?$AAh?$AAu?$AAr?$AAs?$AAd?$AAa?$AAy?$AA?$AA@ 0000000180011c58     libucrt:nlsdata.obj
 0002:00001c70       ??_C@_1O@PDICJHAG@?$AAF?$AAr?$AAi?$AAd?$AAa?$AAy?$AA?$AA@ 0000000180011c70     libucrt:nlsdata.obj
 0002:00001c80       ??_C@_1BC@ENMNNPAJ@?$AAS?$AAa?$AAt?$AAu?$AAr?$AAd?$AAa?$AAy?$AA?$AA@ 0000000180011c80     libucrt:nlsdata.obj
 0002:00001c98       ??_C@_17DKNBKCHM@?$AAJ?$AAa?$AAn?$AA?$AA@ 0000000180011c98     libucrt:nlsdata.obj
 0002:00001ca0       ??_C@_17LMDJEKJN@?$AAF?$AAe?$AAb?$AA?$AA@ 0000000180011ca0     libucrt:nlsdata.obj
 0002:00001ca8       ??_C@_17CKNLEDEC@?$AAM?$AAa?$AAr?$AA?$AA@ 0000000180011ca8     libucrt:nlsdata.obj
 0002:00001cb0       ??_C@_17LFPOIHDD@?$AAA?$AAp?$AAr?$AA?$AA@ 0000000180011cb0     libucrt:nlsdata.obj
 0002:00001cb8       ??_C@_17PNNKMEED@?$AAM?$AAa?$AAy?$AA?$AA@ 0000000180011cb8     libucrt:nlsdata.obj
 0002:00001cc0       ??_C@_17KCJGOCPB@?$AAJ?$AAu?$AAn?$AA?$AA@ 0000000180011cc0     libucrt:nlsdata.obj
 0002:00001cc8       ??_C@_17IJPCKHK@?$AAJ?$AAu?$AAl?$AA?$AA@ 0000000180011cc8     libucrt:nlsdata.obj
 0002:00001cd0       ??_C@_17ICPELBCN@?$AAA?$AAu?$AAg?$AA?$AA@ 0000000180011cd0     libucrt:nlsdata.obj
 0002:00001cd8       ??_C@_17HCHCOKMG@?$AAS?$AAe?$AAp?$AA?$AA@ 0000000180011cd8     libucrt:nlsdata.obj
 0002:00001ce0       ??_C@_17FNLKOI@?$AAO?$AAc?$AAt?$AA?$AA@ 0000000180011ce0     libucrt:nlsdata.obj
 0002:00001ce8       ??_C@_17BBDMLCIG@?$AAN?$AAo?$AAv?$AA?$AA@ 0000000180011ce8     libucrt:nlsdata.obj
 0002:00001cf0       ??_C@_17EGKACKIF@?$AAD?$AAe?$AAc?$AA?$AA@ 0000000180011cf0     libucrt:nlsdata.obj
 0002:00001cf8       ??_C@_1BA@EFMEIEBA@?$AAJ?$AAa?$AAn?$AAu?$AAa?$AAr?$AAy?$AA?$AA@ 0000000180011cf8     libucrt:nlsdata.obj
 0002:00001d08       ??_C@_1BC@JGDDFFAM@?$AAF?$AAe?$AAb?$AAr?$AAu?$AAa?$AAr?$AAy?$AA?$AA@ 0000000180011d08     libucrt:nlsdata.obj
 0002:00001d20       ??_C@_1M@IKEENEDF@?$AAM?$AAa?$AAr?$AAc?$AAh?$AA?$AA@ 0000000180011d20     libucrt:nlsdata.obj
 0002:00001d30       ??_C@_1M@GJNLMHFD@?$AAA?$AAp?$AAr?$AAi?$AAl?$AA?$AA@ 0000000180011d30     libucrt:nlsdata.obj
 0002:00001d40       ??_C@_19EPFLPGAP@?$AAJ?$AAu?$AAn?$AAe?$AA?$AA@ 0000000180011d40     libucrt:nlsdata.obj
 0002:00001d50       ??_C@_19BIFMLPCD@?$AAJ?$AAu?$AAl?$AAy?$AA?$AA@ 0000000180011d50     libucrt:nlsdata.obj
 0002:00001d60       ??_C@_1O@PAHLKOAC@?$AAA?$AAu?$AAg?$AAu?$AAs?$AAt?$AA?$AA@ 0000000180011d60     libucrt:nlsdata.obj
 0002:00001d70       ??_C@_1BE@DKAAMBJL@?$AAS?$AAe?$AAp?$AAt?$AAe?$AAm?$AAb?$AAe?$AAr?$AA?$AA@ 0000000180011d70     libucrt:nlsdata.obj
 0002:00001d88       ??_C@_1BA@EPANDLNG@?$AAO?$AAc?$AAt?$AAo?$AAb?$AAe?$AAr?$AA?$AA@ 0000000180011d88     libucrt:nlsdata.obj
 0002:00001d98       ??_C@_1BC@BGLIFPF@?$AAN?$AAo?$AAv?$AAe?$AAm?$AAb?$AAe?$AAr?$AA?$AA@ 0000000180011d98     libucrt:nlsdata.obj
 0002:00001db0       ??_C@_1BC@FEMKIFH@?$AAD?$AAe?$AAc?$AAe?$AAm?$AAb?$AAe?$AAr?$AA?$AA@ 0000000180011db0     libucrt:nlsdata.obj
 0002:00001dc4       ??_C@_15ODEHAHHF@?$AAA?$AAM?$AA?$AA@ 0000000180011dc4     libucrt:nlsdata.obj
 0002:00001dcc       ??_C@_15CLMNNGEL@?$AAP?$AAM?$AA?$AA@ 0000000180011dcc     libucrt:nlsdata.obj
 0002:00001dd8       ??_C@_1BC@IEBCMHCM@?$AAM?$AAM?$AA?1?$AAd?$AAd?$AA?1?$AAy?$AAy?$AA?$AA@ 0000000180011dd8     libucrt:nlsdata.obj
 0002:00001df0       ??_C@_1CI@KNAKOEBC@?$AAd?$AAd?$AAd?$AAd?$AA?0?$AA?5?$AAM?$AAM?$AAM?$AAM?$AA?5?$AAd?$AAd?$AA?0?$AA?5?$AAy?$AAy?$AAy?$AAy?$AA?$AA@ 0000000180011df0     libucrt:nlsdata.obj
 0002:00001e18       ??_C@_1BC@GDGBMEMK@?$AAH?$AAH?$AA?3?$AAm?$AAm?$AA?3?$AAs?$AAs?$AA?$AA@ 0000000180011e18     libucrt:nlsdata.obj
 0002:00001e30       ??_C@_1M@BMHNFIME@?$AAe?$AAn?$AA?9?$AAU?$AAS?$AA?$AA@ 0000000180011e30     libucrt:nlsdata.obj
 0002:00001e60       ??_C@_1M@HPNHIDJI@?$AAj?$AAa?$AA?9?$AAJ?$AAP?$AA?$AA@ 0000000180011e60     libucrt:mbctype.obj
 0002:00001e70       ??_C@_1M@BIBDDEMK@?$AAz?$AAh?$AA?9?$AAC?$AAN?$AA?$AA@ 0000000180011e70     libucrt:mbctype.obj
 0002:00001e80       ??_C@_1M@JLOOOEGK@?$AAk?$AAo?$AA?9?$AAK?$AAR?$AA?$AA@ 0000000180011e80     libucrt:mbctype.obj
 0002:00001e90       ??_C@_1M@CLNBBOPM@?$AAz?$AAh?$AA?9?$AAT?$AAW?$AA?$AA@ 0000000180011e90     libucrt:mbctype.obj
 0002:00001ea0       __newctype                 0000000180011ea0     libucrt:ctype.obj
 0002:000021a0       __newclmap                 00000001800121a0     libucrt:ctype.obj
 0002:00002320       __newcumap                 0000000180012320     libucrt:ctype.obj
 0002:000024a0       ??_C@_1M@BJNKEDC@?$AAc?$AAa?$AA?9?$AAE?$AAS?$AA?$AA@ 00000001800124a0     libucrt:lcidtoname_downlevel.obj
 0002:000024b0       ??_C@_1M@IJJHFJHA@?$AAc?$AAs?$AA?9?$AAC?$AAZ?$AA?$AA@ 00000001800124b0     libucrt:lcidtoname_downlevel.obj
 0002:000024c0       ??_C@_1M@CLPEOBGI@?$AAd?$AAa?$AA?9?$AAD?$AAK?$AA?$AA@ 00000001800124c0     libucrt:lcidtoname_downlevel.obj
 0002:000024d0       ??_C@_1M@MCMADGCB@?$AAd?$AAe?$AA?9?$AAD?$AAE?$AA?$AA@ 00000001800124d0     libucrt:lcidtoname_downlevel.obj
 0002:000024e0       ??_C@_1M@OOCKEMAM@?$AAe?$AAl?$AA?9?$AAG?$AAR?$AA?$AA@ 00000001800124e0     libucrt:lcidtoname_downlevel.obj
 0002:000024f0       ??_C@_1M@DDNJFGID@?$AAf?$AAi?$AA?9?$AAF?$AAI?$AA?$AA@ 00000001800124f0     libucrt:lcidtoname_downlevel.obj
 0002:00002500       ??_C@_1M@GLIPPMAC@?$AAf?$AAr?$AA?9?$AAF?$AAR?$AA?$AA@ 0000000180012500     libucrt:lcidtoname_downlevel.obj
 0002:00002510       ??_C@_1M@GFMCHPE@?$AAh?$AAe?$AA?9?$AAI?$AAL?$AA?$AA@ 0000000180012510     libucrt:lcidtoname_downlevel.obj
 0002:00002520       ??_C@_1M@MHLPGNKM@?$AAh?$AAu?$AA?9?$AAH?$AAU?$AA?$AA@ 0000000180012520     libucrt:lcidtoname_downlevel.obj
 0002:00002530       ??_C@_1M@LPDDNNPN@?$AAi?$AAs?$AA?9?$AAI?$AAS?$AA?$AA@ 0000000180012530     libucrt:lcidtoname_downlevel.obj
 0002:00002540       ??_C@_1M@MADIPODN@?$AAi?$AAt?$AA?9?$AAI?$AAT?$AA?$AA@ 0000000180012540     libucrt:lcidtoname_downlevel.obj
 0002:00002550       ??_C@_1M@IHBJJGG@?$AAn?$AAl?$AA?9?$AAN?$AAL?$AA?$AA@ 0000000180012550     libucrt:lcidtoname_downlevel.obj
 0002:00002560       ??_C@_1M@EANAGDL@?$AAn?$AAb?$AA?9?$AAN?$AAO?$AA?$AA@ 0000000180012560     libucrt:lcidtoname_downlevel.obj
 0002:00002570       ??_C@_1M@NEIEMEGP@?$AAp?$AAl?$AA?9?$AAP?$AAL?$AA?$AA@ 0000000180012570     libucrt:lcidtoname_downlevel.obj
 0002:00002580       ??_C@_1M@BOCFIGEP@?$AAp?$AAt?$AA?9?$AAB?$AAR?$AA?$AA@ 0000000180012580     libucrt:lcidtoname_downlevel.obj
 0002:00002590       ??_C@_1M@IMPFOPBG@?$AAr?$AAo?$AA?9?$AAR?$AAO?$AA?$AA@ 0000000180012590     libucrt:lcidtoname_downlevel.obj
 0002:000025a0       ??_C@_1M@IDNNEJMM@?$AAr?$AAu?$AA?9?$AAR?$AAU?$AA?$AA@ 00000001800125a0     libucrt:lcidtoname_downlevel.obj
 0002:000025b0       ??_C@_1M@LILEEOGM@?$AAh?$AAr?$AA?9?$AAH?$AAR?$AA?$AA@ 00000001800125b0     libucrt:lcidtoname_downlevel.obj
 0002:000025c0       ??_C@_1M@FKIFEHPB@?$AAs?$AAk?$AA?9?$AAS?$AAK?$AA?$AA@ 00000001800125c0     libucrt:lcidtoname_downlevel.obj
 0002:000025d0       ??_C@_1M@LJMAMNPJ@?$AAs?$AAq?$AA?9?$AAA?$AAL?$AA?$AA@ 00000001800125d0     libucrt:lcidtoname_downlevel.obj
 0002:000025e0       ??_C@_1M@GIAKDKJK@?$AAs?$AAv?$AA?9?$AAS?$AAE?$AA?$AA@ 00000001800125e0     libucrt:lcidtoname_downlevel.obj
 0002:000025f0       ??_C@_1M@MKJKIKCL@?$AAt?$AAh?$AA?9?$AAT?$AAH?$AA?$AA@ 00000001800125f0     libucrt:lcidtoname_downlevel.obj
 0002:00002600       ??_C@_1M@MFLCCMPB@?$AAt?$AAr?$AA?9?$AAT?$AAR?$AA?$AA@ 0000000180012600     libucrt:lcidtoname_downlevel.obj
 0002:00002610       ??_C@_1M@OIJHDKJN@?$AAu?$AAr?$AA?9?$AAP?$AAK?$AA?$AA@ 0000000180012610     libucrt:lcidtoname_downlevel.obj
 0002:00002620       ??_C@_1M@LHIPCIEK@?$AAi?$AAd?$AA?9?$AAI?$AAD?$AA?$AA@ 0000000180012620     libucrt:lcidtoname_downlevel.obj
 0002:00002630       ??_C@_1M@MFMOBGI@?$AAu?$AAk?$AA?9?$AAU?$AAA?$AA?$AA@ 0000000180012630     libucrt:lcidtoname_downlevel.obj
 0002:00002640       ??_C@_1M@OBGLJIPL@?$AAb?$AAe?$AA?9?$AAB?$AAY?$AA?$AA@ 0000000180012640     libucrt:lcidtoname_downlevel.obj
 0002:00002650       ??_C@_1M@BCFAJEAD@?$AAs?$AAl?$AA?9?$AAS?$AAI?$AA?$AA@ 0000000180012650     libucrt:lcidtoname_downlevel.obj
 0002:00002660       ??_C@_1M@FKFFEDDN@?$AAe?$AAt?$AA?9?$AAE?$AAE?$AA?$AA@ 0000000180012660     libucrt:lcidtoname_downlevel.obj
 0002:00002670       ??_C@_1M@KGKKAACI@?$AAl?$AAv?$AA?9?$AAL?$AAV?$AA?$AA@ 0000000180012670     libucrt:lcidtoname_downlevel.obj
 0002:00002680       ??_C@_1M@IFGBIJO@?$AAl?$AAt?$AA?9?$AAL?$AAT?$AA?$AA@ 0000000180012680     libucrt:lcidtoname_downlevel.obj
 0002:00002690       ??_C@_1M@FGEAHEDM@?$AAf?$AAa?$AA?9?$AAI?$AAR?$AA?$AA@ 0000000180012690     libucrt:lcidtoname_downlevel.obj
 0002:000026a0       ??_C@_1M@KBMAIBFN@?$AAv?$AAi?$AA?9?$AAV?$AAN?$AA?$AA@ 00000001800126a0     libucrt:lcidtoname_downlevel.obj
 0002:000026b0       ??_C@_1M@GPCBKDJK@?$AAh?$AAy?$AA?9?$AAA?$AAM?$AA?$AA@ 00000001800126b0     libucrt:lcidtoname_downlevel.obj
 0002:000026c0       ??_C@_1BG@BECMDDJB@?$AAa?$AAz?$AA?9?$AAA?$AAZ?$AA?9?$AAL?$AAa?$AAt?$AAn?$AA?$AA@ 00000001800126c0     libucrt:lcidtoname_downlevel.obj
 0002:000026d8       ??_C@_1M@MAOFCAEA@?$AAe?$AAu?$AA?9?$AAE?$AAS?$AA?$AA@ 00000001800126d8     libucrt:lcidtoname_downlevel.obj
 0002:000026e8       ??_C@_1M@IGHABKPI@?$AAm?$AAk?$AA?9?$AAM?$AAK?$AA?$AA@ 00000001800126e8     libucrt:lcidtoname_downlevel.obj
 0002:000026f8       ??_C@_1M@IAIGNEJG@?$AAt?$AAn?$AA?9?$AAZ?$AAA?$AA?$AA@ 00000001800126f8     libucrt:lcidtoname_downlevel.obj
 0002:00002708       ??_C@_1M@IIJCOJFA@?$AAx?$AAh?$AA?9?$AAZ?$AAA?$AA?$AA@ 0000000180012708     libucrt:lcidtoname_downlevel.obj
 0002:00002718       ??_C@_1M@LGPJHNJH@?$AAz?$AAu?$AA?9?$AAZ?$AAA?$AA?$AA@ 0000000180012718     libucrt:lcidtoname_downlevel.obj
 0002:00002728       ??_C@_1M@HOKAOIO@?$AAa?$AAf?$AA?9?$AAZ?$AAA?$AA?$AA@ 0000000180012728     libucrt:lcidtoname_downlevel.obj
 0002:00002738       ??_C@_1M@DPCLHLIE@?$AAk?$AAa?$AA?9?$AAG?$AAE?$AA?$AA@ 0000000180012738     libucrt:lcidtoname_downlevel.obj
 0002:00002748       ??_C@_1M@BLKMHJBI@?$AAf?$AAo?$AA?9?$AAF?$AAO?$AA?$AA@ 0000000180012748     libucrt:lcidtoname_downlevel.obj
 0002:00002758       ??_C@_1M@LGGJAPPB@?$AAh?$AAi?$AA?9?$AAI?$AAN?$AA?$AA@ 0000000180012758     libucrt:lcidtoname_downlevel.obj
[...]
 0004:00000954       $pdata$_recalloc_base      000000018001c954     libucrt:recalloc.obj
 0004:00000960       $pdata$__acrt_initialize_heap 000000018001c960     libucrt:heap_handle.obj
 0004:0000096c       $pdata$?initialize_inherited_file_handles_nolock@@YAXXZ 000000018001c96c     libucrt:ioinit.obj
 0004:00000978       $pdata$?initialize_stdio_handles_nolock@@YAXXZ 000000018001c978     libucrt:ioinit.obj
 0004:00000984       $pdata$__acrt_initialize_lowio 000000018001c984     libucrt:ioinit.obj
 0004:00000990       $pdata$__acrt_uninitialize_lowio 000000018001c990     libucrt:ioinit.obj
 0004:0000099c       $pdata$__acrt_execute_initializers 000000018001c99c     libucrt:shared_initialization.obj
 0004:000009a8       $pdata$__acrt_execute_uninitializers 000000018001c9a8     libucrt:shared_initialization.obj
 0004:000009b4       $pdata$_callnewh           000000018001c9b4     libucrt:new_handler.obj
 0004:000009c0       $pdata$_query_new_handler  000000018001c9c0     libucrt:new_handler.obj
 0004:000009cc       $pdata$??$?RV<lambda_450d765d439847d4c735a33c368b5fc0>@@AEAV<lambda_44731a7d0e6d81c3e6aa82d741081786>@@V<lambda_601a2a7da3b7a96e9554ac7215c4b07c>@@@?$__crt_seh_guarded_call@P6AXH@Z@@QEAAP6AXH@Z$$QEAV<lambda_450d765d439847d4c735a33c368b5fc0>@@AEAV<lambda_44731a7d0e6d81c3e6aa82d741081786>@@$$QEAV<lambda_601a2a7da3b7a96e9554ac7215c4b07c>@@@Z 000000018001c9cc     libucrt:signal.obj
 0004:000009d8       $pdata$__acrt_get_sigabrt_handler 000000018001c9d8     libucrt:signal.obj
 0004:000009e4       $pdata$raise               000000018001c9e4     libucrt:signal.obj
 0004:000009f0       $pdata$??$?RV<lambda_842d9ff0dc9ef11c61343bbaebe7f885>@@AEAV<lambda_c5860995281e5c4ce005b3de8f5874ee>@@V<lambda_d90129c13df834fdcbf8d2b88dafcf2d>@@@?$__crt_seh_guarded_call@X@@QEAAX$$QEAV<lambda_842d9ff0dc9ef11c61343bbaebe7f885>@@AEAV<lambda_c5860995281e5c4ce005b3de8f5874ee>@@$$QEAV<lambda_d90129c13df834fdcbf8d2b88dafcf2d>@@@Z 000000018001c9f0     libucrt:fflush.obj
 0004:000009fc       $pdata$??$?RV<lambda_886d6c58226a84441f68b9f2b8217b83>@@AEAV<lambda_ab61a845afdef5b7c387490eaf3616ee>@@V<lambda_f7f22ab5edc0698d5f6905b0d3f44752>@@@?$__crt_seh_guarded_call@X@@QEAAX$$QEAV<lambda_886d6c58226a84441f68b9f2b8217b83>@@AEAV<lambda_ab61a845afdef5b7c387490eaf3616ee>@@$$QEAV<lambda_f7f22ab5edc0698d5f6905b0d3f44752>@@@Z 000000018001c9fc     libucrt:fflush.obj
 0004:00000a08       $pdata$?common_flush_all@@YAH_N@Z 000000018001ca08     libucrt:fflush.obj
 0004:00000a14       $pdata$__acrt_stdio_flush_nolock 000000018001ca14     libucrt:fflush.obj
 0004:00000a20       $pdata$_fflush_nolock      000000018001ca20     libucrt:fflush.obj
 0004:00000a2c       $pdata$__acrt_initialize_stdio 000000018001ca2c     libucrt:_file.obj
 0004:00000a38       $pdata$__acrt_uninitialize_stdio 000000018001ca38     libucrt:_file.obj
 0004:00000a44       $pdata$??$common_getenv_nolock@D@@YAPEADQEBD@Z 000000018001ca44     libucrt:getenv.obj
 0004:00000a50       $pdata$??$common_getenv_s@D@@YAHQEA_KQEAD_KQEBD@Z 000000018001ca50     libucrt:getenv.obj
 0004:00000a5c       $pdata$strncpy_s           000000018001ca5c     libucrt:strncpy_s.obj
 0004:00000a68       $pdata$___lc_codepage_func 000000018001ca68     libucrt:initctype.obj
 0004:00000a74       $pdata$_mbtowc_l           000000018001ca74     libucrt:mbtowc.obj
 0004:00000a80       $pdata$_fileno             000000018001ca80     libucrt:fileno.obj
 0004:00000a8c       $pdata$__pctype_func       000000018001ca8c     libucrt:ctype.obj
 0004:00000a98       $pdata$_isctype_l          000000018001ca98     libucrt:isctype.obj
 0004:00000aa4       $pdata$?GetTableIndexFromLocaleName@@YAHPEB_W@Z 000000018001caa4     libucrt:lcidtoname_downlevel.obj
 0004:00000ab0       $pdata$__acrt_DownlevelLocaleNameToLCID 000000018001cab0     libucrt:lcidtoname_downlevel.obj
 0004:00000abc       $pdata$_isleadbyte_l       000000018001cabc     libucrt:_wctype.obj
 0004:00000ac8       $pdata$?__acrt_LCMapStringA_stat@@YAHPEAU__crt_locale_pointers@@PEB_WKPEBDHPEADHHH@Z 000000018001cac8     libucrt:lcmapstringa.obj
 0004:00000ad4       $pdata$__acrt_LCMapStringA 000000018001cad4     libucrt:lcmapstringa.obj
 0004:00000ae0       $pdata$__acrt_free_locale  000000018001cae0     libucrt:locale_refcounting.obj
 0004:00000aec       $pdata$__acrt_locale_free_lc_time_if_unreferenced 000000018001caec     libucrt:locale_refcounting.obj
 0004:00000af8       $pdata$__acrt_release_locale_ref 000000018001caf8     libucrt:locale_refcounting.obj
 0004:00000b04       $pdata$__acrt_update_thread_locale_data 000000018001cb04     libucrt:locale_refcounting.obj
 0004:00000b10       $pdata$_updatetlocinfoEx_nolock 000000018001cb10     libucrt:locale_refcounting.obj
 0004:00000b1c       $pdata$__acrt_locale_free_monetary 000000018001cb1c     libucrt:initmon.obj
 0004:00000b28       $pdata$__acrt_locale_free_numeric 000000018001cb28     libucrt:initnum.obj
 0004:00000b34       $pdata$?free_crt_array_internal@@YAXQEAPEBX_K@Z 000000018001cb34     libucrt:inittime.obj
 0004:00000b40       $pdata$__acrt_locale_free_time 000000018001cb40     libucrt:inittime.obj
 0004:00000b4c       $pdata$__acrt_GetStringTypeA 000000018001cb4c     libucrt:getstringtypea.obj
 0004:00000b58       $pdata$qsort               000000018001cb58     libucrt:qsort.obj
 0004:00000b64       $pdata$4$qsort             000000018001cb64     libucrt:qsort.obj
 0004:00000b70       $pdata$5$qsort             000000018001cb70     libucrt:qsort.obj
 0004:00000b7c       $pdata$fallbackMethod      000000018001cb7c     libucrt:strpbrk.obj
 0004:00000b88       $pdata$strpbrk             000000018001cb88     libucrt:strpbrk.obj
 0004:00000b94       $pdata$_mbsdec_l           000000018001cb94     libucrt:mbsdec.obj
 0004:00000ba0       $pdata$?initialize_multibyte@@YAHXZ 000000018001cba0     libucrt:multibyte_initializer.obj
 0004:00000bac       $pdata$_strnicoll_l        000000018001cbac     libucrt:strnicol.obj
 0004:00000bb8       $pdata$_msize_base         000000018001cbb8     libucrt:msize.obj
 0004:00000bc4       $pdata$_realloc_base       000000018001cbc4     libucrt:realloc_base.obj
 0004:00000bd0       $pdata$__acrt_lowio_create_handle_array 000000018001cbd0     libucrt:osfinfo.obj
 0004:00000bdc       $pdata$__acrt_lowio_destroy_handle_array 000000018001cbdc     libucrt:osfinfo.obj
 0004:00000be8       $pdata$__acrt_lowio_ensure_fh_exists 000000018001cbe8     libucrt:osfinfo.obj
 0004:00000bf4       $pdata$_free_osfhnd        000000018001cbf4     libucrt:osfinfo.obj
 0004:00000c00       $pdata$_get_osfhandle      000000018001cc00     libucrt:osfinfo.obj
 0004:00000c0c       $pdata$??$?RV<lambda_a37b2b86f63e897a80ea819b0eb08c01>@@AEAV<lambda_38ce7e780aa69e748d6df282ebc68efe>@@V<lambda_99fb1378e971ab6e7edea83e3a7a83a2>@@@?$__crt_seh_guarded_call@H@@QEAAH$$QEAV<lambda_a37b2b86f63e897a80ea819b0eb08c01>@@AEAV<lambda_38ce7e780aa69e748d6df282ebc68efe>@@$$QEAV<lambda_99fb1378e971ab6e7edea83e3a7a83a2>@@@Z 000000018001cc0c     libucrt:commit.obj
 0004:00000c18       $pdata$_commit             000000018001cc18     libucrt:commit.obj
 0004:00000c24       $pdata$?write_double_translated_ansi_nolock@@YA?AUwrite_result@?A0x17268360@@HQEBDI@Z 000000018001cc24     libucrt:write.obj
 0004:00000c30       $pdata$?write_text_ansi_nolock@@YA?AUwrite_result@?A0x17268360@@HQEBDI@Z 000000018001cc30     libucrt:write.obj
 0004:00000c3c       $pdata$?write_text_utf16le_nolock@@YA?AUwrite_result@?A0x17268360@@HQEBDI@Z 000000018001cc3c     libucrt:write.obj
 0004:00000c48       $pdata$?write_text_utf8_nolock@@YA?AUwrite_result@?A0x17268360@@HQEBDI@Z 000000018001cc48     libucrt:write.obj
 0004:00000c54       $pdata$_write              000000018001cc54     libucrt:write.obj
 0004:00000c60       $pdata$_write_nolock       000000018001cc60     libucrt:write.obj
 0004:00000c6c       $pdata$_fcloseall          000000018001cc6c     libucrt:closeall.obj
 0004:00000c78       $pdata$__acrt_stdio_free_buffer_nolock 000000018001cc78     libucrt:_freebuf.obj
 0004:00000c84       $pdata$_isatty             000000018001cc84     libucrt:isatty.obj
 0004:00000c90       $pdata$__ascii_strnicmp    000000018001cc90     libucrt:strnicmp.obj
 0004:00000c9c       $pdata$_strnicmp           000000018001cc9c     libucrt:strnicmp.obj
 0004:00000ca8       $pdata$_strnicmp_l         000000018001cca8     libucrt:strnicmp.obj
 0004:00000cb4       $pdata$?InternalCompareStringA@@YAHPEAU__crt_locale_pointers@@PEB_WKPEBDH2HH@Z 000000018001ccb4     libucrt:comparestringa.obj
 0004:00000cc0       $pdata$__acrt_CompareStringA 000000018001ccc0     libucrt:comparestringa.obj
 0004:00000ccc       $pdata$??$common_lseek_nolock@_J@@YA_JH_JH@Z 000000018001cccc     libucrt:lseek.obj
 0004:00000cd8       $pdata$_putwch_nolock      000000018001ccd8     libucrt:putwch.obj
 0004:00000ce4       $pdata$_fclose_nolock      000000018001cce4     libucrt:fclose.obj
 0004:00000cf0       $pdata$fclose              000000018001ccf0     libucrt:fclose.obj
 0004:00000d08       $pdata$__dcrt_lowio_ensure_console_output_initialized 000000018001cd08     libucrt:initcon.obj
 0004:00000d14       $pdata$__dcrt_terminate_console_output 000000018001cd14     libucrt:initcon.obj
 0004:00000d20       $pdata$__dcrt_write_console_w 000000018001cd20     libucrt:initcon.obj
 0004:00000d2c       $pdata$??$?RV<lambda_751a882b2c74d4b022dec766aa51a29a>@@AEAV<lambda_628dfdc04ba53c8bfc02c9951375f3f5>@@V<lambda_f6c7be5f7998530c34de24c7437d6b54>@@@?$__crt_seh_guarded_call@H@@QEAAH$$QEAV<lambda_751a882b2c74d4b022dec766aa51a29a>@@AEAV<lambda_628dfdc04ba53c8bfc02c9951375f3f5>@@$$QEAV<lambda_f6c7be5f7998530c34de24c7437d6b54>@@@Z 000000018001cd2c     libucrt:close.obj
 0004:00000d38       $pdata$_close              000000018001cd38     libucrt:close.obj
 0004:00000d44       $pdata$_close_nolock       000000018001cd44     libucrt:close.obj
 0004:00000d50       $pdata$_call_matherr       000000018001cd50     libucrt:libm_error.obj
 0004:00000d5c       $pdata$_exception_enabled  000000018001cd5c     libucrt:libm_error.obj
 0004:00000d68       $pdata$_handle_error       000000018001cd68     libucrt:libm_error.obj
 0004:00000d74       $pdata$__acrt_initialize_fma3 000000018001cd74     libucrt:fma3_available.obj
 0004:00000d80       $pdata$_log10_special      000000018001cd80     libucrt:log_special.obj
 0004:00000d8c       $pdata$_log_special_common 000000018001cd8c     libucrt:log_special.obj
 0004:00000da4       $pdata$_raise_exc          000000018001cda4     libucrt:fpexcept.obj
 0004:00000db0       $pdata$_raise_exc_ex       000000018001cdb0     libucrt:fpexcept.obj
 0004:00000dbc       $pdata$_set_errno_from_matherr 000000018001cdbc     libucrt:fpexcept.obj
 0004:00000dc8       $pdata$_clrfp              000000018001cdc8     libucrt:fpctrl.obj
 0004:00000dd4       $pdata$_ctrlfp             000000018001cdd4     libucrt:fpctrl.obj
 0004:00000de0       $pdata$_set_statfp         000000018001cde0     libucrt:fpctrl.obj
 0004:00000dec       $pdata$_statfp             000000018001cdec     libucrt:fpctrl.obj
 0004:00000df8       $pdata$?DloadAcquireSectionWriteAccess@@YAXXZ 000000018001cdf8     DelayImp:delayhlp.obj
 0004:00000e04       $pdata$?DloadGetSRWLockFunctionPointers@@YAEXZ 000000018001ce04     DelayImp:delayhlp.obj
 0004:00000e10       $pdata$?DloadMakePermanentImageCommit@@YAXPEAX_K@Z 000000018001ce10     DelayImp:delayhlp.obj
 0004:00000e1c       $pdata$?DloadObtainSection@@YAPEAXPEAK0@Z 000000018001ce1c     DelayImp:delayhlp.obj
 0004:00000e28       $pdata$?DloadProtectSection@@YAXKPEAK@Z 000000018001ce28     DelayImp:delayhlp.obj
 0004:00000e34       $pdata$?DloadReleaseSectionWriteAccess@@YAXXZ 000000018001ce34     DelayImp:delayhlp.obj
 0004:00000e40       $pdata$__delayLoadHelper2  000000018001ce40     DelayImp:delayhlp.obj
 0004:00000e4c       $pdata$_IsNonwritableInCurrentImage 000000018001ce4c     LIBCMT:pesect.obj
 0004:00000e58       $pdata$__GSHandlerCheck    000000018001ce58     LIBCMT:_gshandler_.obj
 0004:00000e64       $pdata$__GSHandlerCheckCommon 000000018001ce64     LIBCMT:_gshandler_.obj
 0004:00000e94       $pdata$strchr              000000018001ce94     libvcruntime:strchr.obj
 0004:00000edc       $pdata$?fin$0@?0??dllmain_crt_process_attach@@YAHQEAUHINSTANCE__@@QEAX@Z@4HA 000000018001cedc     LIBCMT:dll_dllmain.obj
 0004:00000ee8       $pdata$?fin$0@?0??dllmain_crt_process_detach@@YAH_N@Z@4HA 000000018001cee8     LIBCMT:dll_dllmain.obj
 0004:00000ef4       $pdata$?filt$0@?0??dllmain_dispatch@@YAHQEAUHINSTANCE__@@KQEAX@Z@4HA 000000018001cef4     LIBCMT:dll_dllmain.obj
 0004:00000f00       $pdata$__scrt_is_nonwritable_in_current_image$filt$0 000000018001cf00     LIBCMT:utility.obj
 0004:00000f0c       $pdata$?filt$0@?0???R<lambda_6e4b09c48022b2350581041d5f6b0c4c>@@QEBA@XZ@4HA 000000018001cf0c     libucrt:exit.obj
 0004:00000f18       $pdata$__tzset$fin$0       000000018001cf18     libucrt:tzset.obj
 0004:00000f18       $pdata$_tzset$fin$0        000000018001cf18     libucrt:tzset.obj
 0004:00000f18       $pdata$_isindst$fin$0      000000018001cf18     libucrt:tzset.obj
 0004:00000f24       $pdata$?fin$0@?0???$?RV<lambda_410d79af7f07d98d83a3f525b3859a53>@@AEAV<lambda_3e16ef9562a7dcce91392c22ab16ea36>@@V<lambda_38119f0e861e05405d8a144b9b982f0a>@@@?$__crt_seh_guarded_call@X@@QEAAX$$QEAV<lambda_410d79af7f07d98d83a3f525b3859a53>@@AEAV<lambda_3e16ef9562a7dcce91392c22ab16ea36>@@$$QEAV<lambda_38119f0e861e05405d8a144b9b982f0a>@@@Z@4HA 000000018001cf24     libucrt:wsetlocale.obj
 0004:00000f30       $pdata$?fin$0@?0???$?RV<lambda_0ae27a3a962d80f24befdcbee591983d>@@AEAV<lambda_8d0ee55de4b1038c4002e0adecdf1839>@@V<lambda_dc504788e8f1664fe9b84e20bfb512f2>@@@?$__crt_seh_guarded_call@X@@QEAAX$$QEAV<lambda_0ae27a3a962d80f24befdcbee591983d>@@AEAV<lambda_8d0ee55de4b1038c4002e0adecdf1839>@@$$QEAV<lambda_dc504788e8f1664fe9b84e20bfb512f2>@@@Z@4HA 000000018001cf30     libucrt:per_thread_data.obj
 0004:00000f30       $pdata$?fin$0@?0???$?RV<lambda_2d41944a1d46af3157314b8a01080d33>@@AEAV<lambda_8f455de75cd7d7f24b4096f044d8b9e6>@@V<lambda_aa500f224e6afead328df44964fe2772>@@@?$__crt_seh_guarded_call@X@@QEAAX$$QEAV<lambda_2d41944a1d46af3157314b8a01080d33>@@AEAV<lambda_8f455de75cd7d7f24b4096f044d8b9e6>@@$$QEAV<lambda_aa500f224e6afead328df44964fe2772>@@@Z@4HA 000000018001cf30     libucrt:per_thread_data.obj
 0004:00000f30       $pdata$?fin$0@?0???$?RV<lambda_d80eeec6fff315bfe5c115232f3240e3>@@AEAV<lambda_6e4b09c48022b2350581041d5f6b0c4c>@@V<lambda_2358e3775559c9db80273638284d5e45>@@@?$__crt_seh_guarded_call@X@@QEAAX$$QEAV<lambda_d80eeec6fff315bfe5c115232f3240e3>@@AEAV<lambda_6e4b09c48022b2350581041d5f6b0c4c>@@$$QEAV<lambda_2358e3775559c9db80273638284d5e45>@@@Z@4HA 000000018001cf30     libucrt:exit.obj
 0004:00000f30       $pdata$?fin$0@?0???$?RV<lambda_7777bce6b2f8c936911f934f8298dc43>@@AEAV<lambda_f03950bc5685219e0bcd2087efbe011e>@@V<lambda_3883c3dff614d5e0c5f61bb1ac94921c>@@@?$__crt_seh_guarded_call@H@@QEAAH$$QEAV<lambda_7777bce6b2f8c936911f934f8298dc43>@@AEAV<lambda_f03950bc5685219e0bcd2087efbe011e>@@$$QEAV<lambda_3883c3dff614d5e0c5f61bb1ac94921c>@@@Z@4HA 000000018001cf30     libucrt:onexit.obj
 0004:00000f30       $pdata$?fin$0@?0???$?RV<lambda_efdfa57d1f175319df784efa44bb7b81>@@AEAV<lambda_5f0a4c1567f8adc6734073e5d1e1b35c>@@V<lambda_2e8a7d3640ea6ccb4c2413664c2db6fd>@@@?$__crt_seh_guarded_call@X@@QEAAX$$QEAV<lambda_efdfa57d1f175319df784efa44bb7b81>@@AEAV<lambda_5f0a4c1567f8adc6734073e5d1e1b35c>@@$$QEAV<lambda_2e8a7d3640ea6ccb4c2413664c2db6fd>@@@Z@4HA 000000018001cf30     libucrt:mbctype.obj
 0004:00000f30       $pdata$?fin$0@?0???$?RV<lambda_aa87e3671a710a21b5dc78c0bdf72e11>@@AEAV<lambda_92619d2358a28f41a33ba319515a20b9>@@V<lambda_6992ecaafeb10aed2b74cb1fae11a551>@@@?$__crt_seh_guarded_call@X@@QEAAX$$QEAV<lambda_aa87e3671a710a21b5dc78c0bdf72e11>@@AEAV<lambda_92619d2358a28f41a33ba319515a20b9>@@$$QEAV<lambda_6992ecaafeb10aed2b74cb1fae11a551>@@@Z@4HA 000000018001cf30     libucrt:per_thread_data.obj
 0004:00000f30       $pdata$?fin$0@?0???$?RV<lambda_450d765d439847d4c735a33c368b5fc0>@@AEAV<lambda_44731a7d0e6d81c3e6aa82d741081786>@@V<lambda_601a2a7da3b7a96e9554ac7215c4b07c>@@@?$__crt_seh_guarded_call@P6AXH@Z@@QEAAP6AXH@Z$$QEAV<lambda_450d765d439847d4c735a33c368b5fc0>@@AEAV<lambda_44731a7d0e6d81c3e6aa82d741081786>@@$$QEAV<lambda_601a2a7da3b7a96e9554ac7215c4b07c>@@@Z@4HA 000000018001cf30     libucrt:signal.obj
 0004:00000f30       $pdata$?fin$0@?0???$?RV<lambda_f2e299630e499de9f9a165e60fcd3db5>@@AEAV<lambda_2ae9d31cdba2644fcbeaf08da7c24588>@@V<lambda_40d01ff24d0e7b3814fdbdcee8eab3c7>@@@?$__crt_seh_guarded_call@X@@QEAAX$$QEAV<lambda_f2e299630e499de9f9a165e60fcd3db5>@@AEAV<lambda_2ae9d31cdba2644fcbeaf08da7c24588>@@$$QEAV<lambda_40d01ff24d0e7b3814fdbdcee8eab3c7>@@@Z@4HA 000000018001cf30     libucrt:per_thread_data.obj
 0004:00000f3c       $pdata$?fin$0@?0??update_thread_multibyte_data_internal@@YAPEAU__crt_multibyte_data@@QEAU__acrt_ptd@@QEAPEAU1@@Z@4HA 000000018001cf3c     libucrt:mbctype.obj
 0004:00000f48       $pdata$_query_new_handler$fin$0 000000018001cf48     libucrt:new_handler.obj
 0004:00000f54       $pdata$raise$fin$0         000000018001cf54     libucrt:signal.obj
 0004:00000f60       $pdata$?fin$0@?0???$?RV<lambda_842d9ff0dc9ef11c61343bbaebe7f885>@@AEAV<lambda_c5860995281e5c4ce005b3de8f5874ee>@@V<lambda_d90129c13df834fdcbf8d2b88dafcf2d>@@@?$__crt_seh_guarded_call@X@@QEAAX$$QEAV<lambda_842d9ff0dc9ef11c61343bbaebe7f885>@@AEAV<lambda_c5860995281e5c4ce005b3de8f5874ee>@@$$QEAV<lambda_d90129c13df834fdcbf8d2b88dafcf2d>@@@Z@4HA 000000018001cf60     libucrt:fflush.obj
 0004:00000f6c       $pdata$?fin$0@?0???$?RV<lambda_886d6c58226a84441f68b9f2b8217b83>@@AEAV<lambda_ab61a845afdef5b7c387490eaf3616ee>@@V<lambda_f7f22ab5edc0698d5f6905b0d3f44752>@@@?$__crt_seh_guarded_call@X@@QEAAX$$QEAV<lambda_886d6c58226a84441f68b9f2b8217b83>@@AEAV<lambda_ab61a845afdef5b7c387490eaf3616ee>@@$$QEAV<lambda_f7f22ab5edc0698d5f6905b0d3f44752>@@@Z@4HA 000000018001cf6c     libucrt:fflush.obj
 0004:00000f78       $pdata$?fin$0@?0???$common_getenv_s@D@@YAHQEA_KQEAD_KQEBD@Z@4HA 000000018001cf78     libucrt:getenv.obj
 0004:00000f84       $pdata$__acrt_update_thread_locale_data$fin$0 000000018001cf84     libucrt:locale_refcounting.obj
 0004:00000f90       $pdata$__acrt_initialize_lowio$fin$0 000000018001cf90     libucrt:ioinit.obj
 0004:00000f90       $pdata$__acrt_lowio_ensure_fh_exists$fin$0 000000018001cf90     libucrt:osfinfo.obj
 0004:00000f9c       $pdata$_write$fin$0        000000018001cf9c     libucrt:write.obj
 0004:00000fa8       $pdata$_fcloseall$fin$0    000000018001cfa8     libucrt:closeall.obj
 0004:00000fb4       $pdata$fclose$fin$0        000000018001cfb4     libucrt:fclose.obj
 0004:00000fc0       $pdata$?fin$0@?0???$?RV<lambda_a37b2b86f63e897a80ea819b0eb08c01>@@AEAV<lambda_38ce7e780aa69e748d6df282ebc68efe>@@V<lambda_99fb1378e971ab6e7edea83e3a7a83a2>@@@?$__crt_seh_guarded_call@H@@QEAAH$$QEAV<lambda_a37b2b86f63e897a80ea819b0eb08c01>@@AEAV<lambda_38ce7e780aa69e748d6df282ebc68efe>@@$$QEAV<lambda_99fb1378e971ab6e7edea83e3a7a83a2>@@@Z@4HA 000000018001cfc0     libucrt:commit.obj
 0004:00000fc0       $pdata$?fin$0@?0???$?RV<lambda_751a882b2c74d4b022dec766aa51a29a>@@AEAV<lambda_628dfdc04ba53c8bfc02c9951375f3f5>@@V<lambda_f6c7be5f7998530c34de24c7437d6b54>@@@?$__crt_seh_guarded_call@H@@QEAAH$$QEAV<lambda_751a882b2c74d4b022dec766aa51a29a>@@AEAV<lambda_628dfdc04ba53c8bfc02c9951375f3f5>@@$$QEAV<lambda_f6c7be5f7998530c34de24c7437d6b54>@@@Z@4HA 000000018001cfc0     libucrt:close.obj
 0004:00000fcc       $pdata$_ctrlfp$filt$0      000000018001cfcc     libucrt:fpctrl.obj
 0004:00000fd8       $pdata$_IsNonwritableInCurrentImage$filt$0 000000018001cfd8     LIBCMT:pesect.obj
 0005:00000060       $R000000                   000000018001d060     * linker generated manifest res *

 Exports

  ordinal    name

        1    _register_time_
